Archive member included to satisfy reference by file (symbol)

d:/imt_sdk_win_64/winarm/armgcc/bin/../lib/gcc/arm-none-eabi/7.2.1/thumb/v7e-m\libgcc.a(_arm_addsubdf3.o)
                              ./src/MCAL/USART/USART_Prog.o (__aeabi_dsub)
d:/imt_sdk_win_64/winarm/armgcc/bin/../lib/gcc/arm-none-eabi/7.2.1/thumb/v7e-m\libgcc.a(_arm_muldivdf3.o)
                              ./src/MCAL/USART/USART_Prog.o (__aeabi_dmul)
d:/imt_sdk_win_64/winarm/armgcc/bin/../lib/gcc/arm-none-eabi/7.2.1/thumb/v7e-m\libgcc.a(_arm_truncdfsf2.o)
                              ./src/MCAL/USART/USART_Prog.o (__aeabi_d2f)
d:/imt_sdk_win_64/winarm/armgcc/bin/../lib/gcc/arm-none-eabi/7.2.1/thumb/v7e-m\libgcc.a(_arm_addsubsf3.o)
                              ./src/MCAL/USART/USART_Prog.o (__aeabi_fsub)
d:/imt_sdk_win_64/winarm/armgcc/bin/../lib/gcc/arm-none-eabi/7.2.1/thumb/v7e-m\libgcc.a(_arm_muldivsf3.o)
                              ./src/HAL/US/US_Program.o (__aeabi_fmul)
d:/imt_sdk_win_64/winarm/armgcc/bin/../lib/gcc/arm-none-eabi/7.2.1/thumb/v7e-m\libgcc.a(_arm_cmpsf2.o)
                              ./src/MCAL/USART/USART_Prog.o (__aeabi_fcmpge)
d:/imt_sdk_win_64/winarm/armgcc/bin/../lib/gcc/arm-none-eabi/7.2.1/thumb/v7e-m\libgcc.a(_arm_fixunssfsi.o)
                              ./src/MCAL/USART/USART_Prog.o (__aeabi_f2uiz)
d:/imt_sdk_win_64/winarm/armgcc/bin/../lib/gcc/arm-none-eabi/7.2.1/../../../../arm-none-eabi/lib/thumb/v7e-m\libg_nano.a(lib_a-errno.o)
                              ./system/src/newlib/_sbrk.o (__errno)
d:/imt_sdk_win_64/winarm/armgcc/bin/../lib/gcc/arm-none-eabi/7.2.1/../../../../arm-none-eabi/lib/thumb/v7e-m\libg_nano.a(lib_a-impure.o)
                              d:/imt_sdk_win_64/winarm/armgcc/bin/../lib/gcc/arm-none-eabi/7.2.1/../../../../arm-none-eabi/lib/thumb/v7e-m\libg_nano.a(lib_a-errno.o) (_impure_ptr)
d:/imt_sdk_win_64/winarm/armgcc/bin/../lib/gcc/arm-none-eabi/7.2.1/../../../../arm-none-eabi/lib/thumb/v7e-m\libg_nano.a(lib_a-strlen.o)
                              ./system/src/diag/Trace.o (strlen)
d:/imt_sdk_win_64/winarm/armgcc/bin/../lib/gcc/arm-none-eabi/7.2.1/../../../../arm-none-eabi/lib/thumb/v7e-m\libg_nano.a(lib_a-vsnprintf.o)
                              ./system/src/diag/Trace.o (vsnprintf)
d:/imt_sdk_win_64/winarm/armgcc/bin/../lib/gcc/arm-none-eabi/7.2.1/../../../../arm-none-eabi/lib/thumb/v7e-m\libg_nano.a(lib_a-nano-svfprintf.o)
                              d:/imt_sdk_win_64/winarm/armgcc/bin/../lib/gcc/arm-none-eabi/7.2.1/../../../../arm-none-eabi/lib/thumb/v7e-m\libg_nano.a(lib_a-vsnprintf.o) (_svfprintf_r)
d:/imt_sdk_win_64/winarm/armgcc/bin/../lib/gcc/arm-none-eabi/7.2.1/../../../../arm-none-eabi/lib/thumb/v7e-m\libg_nano.a(lib_a-nano-vfprintf_i.o)
                              d:/imt_sdk_win_64/winarm/armgcc/bin/../lib/gcc/arm-none-eabi/7.2.1/../../../../arm-none-eabi/lib/thumb/v7e-m\libg_nano.a(lib_a-nano-svfprintf.o) (_printf_i)
d:/imt_sdk_win_64/winarm/armgcc/bin/../lib/gcc/arm-none-eabi/7.2.1/../../../../arm-none-eabi/lib/thumb/v7e-m\libg_nano.a(lib_a-memchr.o)
                              d:/imt_sdk_win_64/winarm/armgcc/bin/../lib/gcc/arm-none-eabi/7.2.1/../../../../arm-none-eabi/lib/thumb/v7e-m\libg_nano.a(lib_a-nano-svfprintf.o) (memchr)
d:/imt_sdk_win_64/winarm/armgcc/bin/../lib/gcc/arm-none-eabi/7.2.1/../../../../arm-none-eabi/lib/thumb/v7e-m\libg_nano.a(lib_a-memcpy-stub.o)
                              d:/imt_sdk_win_64/winarm/armgcc/bin/../lib/gcc/arm-none-eabi/7.2.1/../../../../arm-none-eabi/lib/thumb/v7e-m\libg_nano.a(lib_a-nano-svfprintf.o) (memcpy)
d:/imt_sdk_win_64/winarm/armgcc/bin/../lib/gcc/arm-none-eabi/7.2.1/../../../../arm-none-eabi/lib/thumb/v7e-m\libg_nano.a(lib_a-memmove.o)
                              d:/imt_sdk_win_64/winarm/armgcc/bin/../lib/gcc/arm-none-eabi/7.2.1/../../../../arm-none-eabi/lib/thumb/v7e-m\libg_nano.a(lib_a-nano-svfprintf.o) (memmove)
d:/imt_sdk_win_64/winarm/armgcc/bin/../lib/gcc/arm-none-eabi/7.2.1/../../../../arm-none-eabi/lib/thumb/v7e-m\libg_nano.a(lib_a-nano-freer.o)
                              d:/imt_sdk_win_64/winarm/armgcc/bin/../lib/gcc/arm-none-eabi/7.2.1/../../../../arm-none-eabi/lib/thumb/v7e-m\libg_nano.a(lib_a-nano-svfprintf.o) (_free_r)
d:/imt_sdk_win_64/winarm/armgcc/bin/../lib/gcc/arm-none-eabi/7.2.1/../../../../arm-none-eabi/lib/thumb/v7e-m\libg_nano.a(lib_a-nano-mallocr.o)
                              d:/imt_sdk_win_64/winarm/armgcc/bin/../lib/gcc/arm-none-eabi/7.2.1/../../../../arm-none-eabi/lib/thumb/v7e-m\libg_nano.a(lib_a-nano-svfprintf.o) (_malloc_r)
d:/imt_sdk_win_64/winarm/armgcc/bin/../lib/gcc/arm-none-eabi/7.2.1/../../../../arm-none-eabi/lib/thumb/v7e-m\libg_nano.a(lib_a-nano-reallocr.o)
                              d:/imt_sdk_win_64/winarm/armgcc/bin/../lib/gcc/arm-none-eabi/7.2.1/../../../../arm-none-eabi/lib/thumb/v7e-m\libg_nano.a(lib_a-nano-svfprintf.o) (_realloc_r)
[...]
Memory Configuration

Name             Origin             Length             Attributes
RAM              0x20000000         0x00008000         xrw
CCMRAM           0x10000000         0x00000000         xrw
FLASH            0x08000000         0x00040000         xr
FLASHB1          0x00000000         0x00000000         xr
EXTMEMB0         0x00000000         0x00000000         xr
EXTMEMB1         0x00000000         0x00000000         xr
EXTMEMB2         0x00000000         0x00000000         xr
EXTMEMB3         0x00000000         0x00000000         xr
*default*        0x00000000         0xffffffff

Linker script and memory map

LOAD ./system/src/stm32f4-hal/stm32f4xx_hal.o
LOAD ./system/src/stm32f4-hal/stm32f4xx_hal_cortex.o
LOAD ./system/src/stm32f4-hal/stm32f4xx_hal_dfsdm.o
LOAD ./system/src/stm32f4-hal/stm32f4xx_hal_flash.o
LOAD ./system/src/stm32f4-hal/stm32f4xx_hal_gpio.o
LOAD ./system/src/stm32f4-hal/stm32f4xx_hal_iwdg.o
LOAD ./system/src/stm32f4-hal/stm32f4xx_hal_pwr.o
LOAD ./system/src/stm32f4-hal/stm32f4xx_hal_rcc.o
LOAD ./system/src/newlib/_cxx.o
LOAD ./system/src/newlib/_exit.o
LOAD ./system/src/newlib/_sbrk.o
LOAD ./system/src/newlib/_startup.o
LOAD ./system/src/newlib/_syscalls.o
LOAD ./system/src/newlib/assert.o
LOAD ./system/src/diag/Trace.o
LOAD ./system/src/diag/trace_impl.o
LOAD ./system/src/cortexm/_initialize_hardware.o
LOAD ./system/src/cortexm/_reset_hardware.o
LOAD ./system/src/cortexm/exception_handlers.o
LOAD ./system/src/cmsis/system_stm32f4xx.o
LOAD ./system/src/cmsis/vectors_stm32f410Cx.o
LOAD ./src/MCAL/USART/USART_Prog.o
LOAD ./src/MCAL/TIMER/TIMER_program.o
LOAD ./src/MCAL/STK/STK_Program.o
LOAD ./src/MCAL/SPI/SPI_Program.o
LOAD ./src/MCAL/RCC/RCC_Program.o
LOAD ./src/MCAL/GPIO/GPIO_Program.o
LOAD ./src/HAL/US/US_Program.o
LOAD ./src/HAL/TFT/TFT_Program.o
LOAD ./src/HAL/DCM/DCM_Program.o
LOAD ./src/HAL/BUZ/BUZ_Program.o
LOAD ./src/Main_Interface.o
LOAD ./src/_write.o
LOAD ./src/main.o
LOAD d:/imt_sdk_win_64/winarm/armgcc/bin/../lib/gcc/arm-none-eabi/7.2.1/../../../../arm-none-eabi/lib/thumb/v7e-m\libstdc++_nano.a
LOAD d:/imt_sdk_win_64/winarm/armgcc/bin/../lib/gcc/arm-none-eabi/7.2.1/../../../../arm-none-eabi/lib/thumb/v7e-m\libm.a
START GROUP
LOAD d:/imt_sdk_win_64/winarm/armgcc/bin/../lib/gcc/arm-none-eabi/7.2.1/thumb/v7e-m\libgcc.a
LOAD d:/imt_sdk_win_64/winarm/armgcc/bin/../lib/gcc/arm-none-eabi/7.2.1/../../../../arm-none-eabi/lib/thumb/v7e-m\libg_nano.a
LOAD d:/imt_sdk_win_64/winarm/armgcc/bin/../lib/gcc/arm-none-eabi/7.2.1/../../../../arm-none-eabi/lib/thumb/v7e-m\libc_nano.a
END GROUP
START GROUP
LOAD d:/imt_sdk_win_64/winarm/armgcc/bin/../lib/gcc/arm-none-eabi/7.2.1/thumb/v7e-m\libgcc.a
LOAD d:/imt_sdk_win_64/winarm/armgcc/bin/../lib/gcc/arm-none-eabi/7.2.1/../../../../arm-none-eabi/lib/thumb/v7e-m\libc_nano.a
END GROUP
                0x20008000                __stack = (ORIGIN (RAM) + LENGTH (RAM))
                0x20008000                _estack = __stack
                0x00000400                __Main_Stack_Size = 0x400
                [!provide]                PROVIDE (_Main_Stack_Size, __Main_Stack_Size)
                0x20007c00                __Main_Stack_Limit = (__stack - __Main_Stack_Size)
                [!provide]                PROVIDE (_Main_Stack_Limit, __Main_Stack_Limit)
                0x00000100                _Minimum_Stack_Size = 0x100
                0x20000120                PROVIDE (_Heap_Begin, _end_noinit)
                0x20007c00                PROVIDE (_Heap_Limit, (__stack - __Main_Stack_Size))

.isr_vector     0x08000000      0x428
 FILL mask 0xff
                0x08000000                __vectors_start = ABSOLUTE (.)
                0x08000000                __vectors_start__ = ABSOLUTE (.)
 *(.isr_vector)
 .isr_vector    0x08000000      0x1c8 ./system/src/cmsis/vectors_stm32f410Cx.o
                0x08000000                __isr_vectors
 *(.cfmconfig)
 *(.after_vectors .after_vectors.*)
 .after_vectors
                0x080001c8      0x130 ./system/src/newlib/_startup.o
                0x080001c8                _start
 .after_vectors
                0x080002f8      0x12c ./system/src/cortexm/exception_handlers.o
                0x080002f8                Reset_Handler
                0x080002fe                NMI_Handler
                0x08000302                HardFault_Handler
                0x08000316                HardFault_Handler_C
                0x08000374                MemManage_Handler
                0x08000378                BusFault_Handler
                0x0800038c                BusFault_Handler_C
                0x080003c0                UsageFault_Handler
                0x080003d4                UsageFault_Handler_C
                0x08000408                SVC_Handler
                0x0800040c                DebugMon_Handler
                0x08000410                PendSV_Handler
 .after_vectors
                0x08000424        0x4 ./system/src/cmsis/vectors_stm32f410Cx.o
                0x08000424                RTC_Alarm_IRQHandler
                0x08000424                EXTI2_IRQHandler
                0x08000424                FMPI2C1_EV_IRQHandler
                0x08000424                TIM1_CC_IRQHandler
                0x08000424                DMA2_Stream5_IRQHandler
                0x08000424                DMA1_Stream5_IRQHandler
                0x08000424                PVD_IRQHandler
                0x08000424                TAMP_STAMP_IRQHandler
                0x08000424                EXTI3_IRQHandler
                0x08000424                EXTI0_IRQHandler
                0x08000424                I2C2_EV_IRQHandler
                0x08000424                DMA1_Stream2_IRQHandler
                0x08000424                FPU_IRQHandler
                0x08000424                DMA2_Stream2_IRQHandler
                0x08000424                SPI1_IRQHandler
                0x08000424                TIM6_DAC_IRQHandler
                0x08000424                TIM1_BRK_TIM9_IRQHandler
                0x08000424                DMA2_Stream3_IRQHandler
                0x08000424                USART6_IRQHandler
                0x08000424                DMA2_Stream0_IRQHandler
                0x08000424                I2C1_EV_IRQHandler
                0x08000424                DMA1_Stream6_IRQHandler
                0x08000424                DMA1_Stream1_IRQHandler
                0x08000424                RCC_IRQHandler
                0x08000424                Default_Handler
                0x08000424                EXTI15_10_IRQHandler
                0x08000424                ADC_IRQHandler
                0x08000424                DMA1_Stream7_IRQHandler
                0x08000424                SPI5_IRQHandler
                0x08000424                TIM5_IRQHandler
                0x08000424                DMA2_Stream7_IRQHandler
                0x08000424                EXTI9_5_IRQHandler
                0x08000424                RTC_WKUP_IRQHandler
                0x08000424                SPI2_IRQHandler
                0x08000424                DMA1_Stream0_IRQHandler
                0x08000424                FMPI2C1_ER_IRQHandler
                0x08000424                EXTI4_IRQHandler
                0x08000424                RNG_IRQHandler
                0x08000424                TIM1_UP_IRQHandler
                0x08000424                WWDG_IRQHandler
                0x08000424                TIM1_TRG_COM_TIM11_IRQHandler
                0x08000424                EXTI1_IRQHandler
                0x08000424                USART2_IRQHandler
                0x08000424                I2C2_ER_IRQHandler
                0x08000424                DMA2_Stream1_IRQHandler
                0x08000424                FLASH_IRQHandler
                0x08000424                DMA2_Stream4_IRQHandler
                0x08000424                USART1_IRQHandler
                0x08000424                DMA1_Stream4_IRQHandler
                0x08000424                I2C1_ER_IRQHandler
                0x08000424                LPTIM1_IRQHandler
                0x08000424                DMA2_Stream6_IRQHandler
                0x08000424                DMA1_Stream3_IRQHandler

.inits          0x08000428       0x28
                0x08000428                __data_regions_array_start = .
                0x08000428        0x4 LONG 0x8002c04 LOADADDR (.data)
                0x0800042c        0x4 LONG 0x20000000 ADDR (.data)
                0x08000430        0x4 LONG 0x20000078 (ADDR (.data) + SIZEOF (.data))
                0x08000434        0x4 LONG 0x8002c04 LOADADDR (.data_CCMRAM)
                0x08000438        0x4 LONG 0x10000000 ADDR (.data_CCMRAM)
                0x0800043c        0x4 LONG 0x10000000 (ADDR (.data_CCMRAM) + SIZEOF (.data_CCMRAM))
                0x08000440                __data_regions_array_end = .
                0x08000440                __bss_regions_array_start = .
                0x08000440        0x4 LONG 0x20000078 ADDR (.bss)
                0x08000444        0x4 LONG 0x20000120 (ADDR (.bss) + SIZEOF (.bss))
                0x08000448        0x4 LONG 0x10000000 ADDR (.bss_CCMRAM)
                0x0800044c        0x4 LONG 0x10000000 (ADDR (.bss_CCMRAM) + SIZEOF (.bss_CCMRAM))
                0x08000450                __bss_regions_array_end = .
 *(.init)
 *(.fini)
                0x08000450                . = ALIGN (0x4)
                0x08000450                PROVIDE (__preinit_array_start, .)
 *(.preinit_array_sysinit .preinit_array_sysinit.*)
 *(.preinit_array_platform .preinit_array_platform.*)
 *(.preinit_array .preinit_array.*)
                0x08000450                PROVIDE (__preinit_array_end, .)
                0x08000450                . = ALIGN (0x4)
                0x08000450                PROVIDE (__init_array_start, .)
 *(SORT_BY_NAME(.init_array.*))
 *(.init_array)
                0x08000450                PROVIDE (__init_array_end, .)
                0x08000450                . = ALIGN (0x4)
                0x08000450                PROVIDE (__fini_array_start, .)
 *(SORT_BY_NAME(.fini_array.*))
 *(.fini_array)
                0x08000450                PROVIDE (__fini_array_end, .)

.flashtext
 *(.flashtext .flashtext.*)

.text           0x08000450     0x27b3
 *(.text .text.*)
 .text._exit    0x08000450        0x2 ./system/src/newlib/_exit.o
                0x08000450                _exit
 *fill*         0x08000452        0x2 
 .text._sbrk    0x08000454       0x44 ./system/src/newlib/_sbrk.o
                0x08000454                _sbrk
 .text.__initialize_args
                0x08000498       0x10 ./system/src/newlib/_syscalls.o
                0x08000498                __initialize_args
 .text.trace_printf
                0x080004a8       0x30 ./system/src/diag/Trace.o
                0x080004a8                trace_printf
 .text._trace_write_semihosting_debug
                0x080004d8       0x60 ./system/src/diag/trace_impl.o
 .text.trace_write
                0x08000538        0x8 ./system/src/diag/trace_impl.o
                0x08000538                trace_write
 .text.__initialize_hardware_early
                0x08000540       0x18 ./system/src/cortexm/_initialize_hardware.o
                0x08000540                __initialize_hardware_early
 .text.__initialize_hardware
                0x08000558        0x8 ./system/src/cortexm/_initialize_hardware.o
                0x08000558                __initialize_hardware
 .text.dumpExceptionStack
                0x08000560       0xf4 ./system/src/cortexm/exception_handlers.o
                0x08000560                dumpExceptionStack
 .text.isSemihosting
                0x08000654       0x20 ./system/src/cortexm/exception_handlers.o
                0x08000654                isSemihosting
 .text.SystemInit
                0x08000674       0x40 ./system/src/cmsis/system_stm32f4xx.o
                0x08000674                SystemInit
 .text.SystemCoreClockUpdate
                0x080006b4       0xa0 ./system/src/cmsis/system_stm32f4xx.o
                0x080006b4                SystemCoreClockUpdate
 .text.BaudRateCalculations
                0x08000754       0x8c ./src/MCAL/USART/USART_Prog.o
                0x08000754                BaudRateCalculations
 .text.USART_voidInit
                0x080007e0       0x78 ./src/MCAL/USART/USART_Prog.o
                0x080007e0                USART_voidInit
 .text.USART_voidEnable
                0x08000858       0x10 ./src/MCAL/USART/USART_Prog.o
                0x08000858                USART_voidEnable
 .text.USART_u8Recieve
                0x08000868       0x18 ./src/MCAL/USART/USART_Prog.o
                0x08000868                USART_u8Recieve
 .text.MTMR_voidStart
                0x08000880       0x4c ./src/MCAL/TIMER/TIMER_program.o
                0x08000880                MTMR_voidStart
 .text.MTMR_voidSetPrescaler
                0x080008cc       0x64 ./src/MCAL/TIMER/TIMER_program.o
                0x080008cc                MTMR_voidSetPrescaler
 .text.MTMR_voidSetChannelOutput
                0x08000930      0x3e8 ./src/MCAL/TIMER/TIMER_program.o
                0x08000930                MTMR_voidSetChannelOutput
 .text.MTMR_voidSetCMPVal
                0x08000d18       0xb8 ./src/MCAL/TIMER/TIMER_program.o
                0x08000d18                MTMR_voidSetCMPVal
 .text.MTMR_voidSetARR
                0x08000dd0       0x40 ./src/MCAL/TIMER/TIMER_program.o
                0x08000dd0                MTMR_voidSetARR
 .text.SysTick_Handler
                0x08000e10       0x30 ./src/MCAL/STK/STK_Program.o
                0x08000e10                SysTick_Handler
 .text.MRCC_VoidInit
                0x08000e40       0x2c ./src/MCAL/RCC/RCC_Program.o
                0x08000e40                MRCC_VoidInit
 .text.MRCC_VoidEnable_Priph
                0x08000e6c       0x64 ./src/MCAL/RCC/RCC_Program.o
                0x08000e6c                MRCC_VoidEnable_Priph
 .text.MGPIO_voidSetPinMode
                0x08000ed0       0x58 ./src/MCAL/GPIO/GPIO_Program.o
                0x08000ed0                MGPIO_voidSetPinMode
 .text.MGPIO_voidSetOutPutMode
                0x08000f28       0x48 ./src/MCAL/GPIO/GPIO_Program.o
                0x08000f28                MGPIO_voidSetOutPutMode
 .text.MGPIO_voidSetOutPutSpeed
                0x08000f70       0x58 ./src/MCAL/GPIO/GPIO_Program.o
                0x08000f70                MGPIO_voidSetOutPutSpeed
 .text.MGPIO_voidSetPinVal
                0x08000fc8       0xa0 ./src/MCAL/GPIO/GPIO_Program.o
                0x08000fc8                MGPIO_voidSetPinVal
 .text.MGPIO_voidSetAltFun
                0x08001068       0x9c ./src/MCAL/GPIO/GPIO_Program.o
                0x08001068                MGPIO_voidSetAltFun
 .text.MOTOR_VoidInit
                0x08001104       0x98 ./src/HAL/DCM/DCM_Program.o
                0x08001104                MOTOR_VoidInit
 .text.MOTOR_voidStart
                0x0800119c       0x1c ./src/HAL/DCM/DCM_Program.o
                0x0800119c                MOTOR_voidStart
 .text.MOTOR_Move
                0x080011b8       0x18 ./src/HAL/DCM/DCM_Program.o
                0x080011b8                MOTOR_Move
 .text.MOTOR_Stop
                0x080011d0       0x18 ./src/HAL/DCM/DCM_Program.o
                0x080011d0                MOTOR_Stop
 .text.MOTOR_chanelStop
                0x080011e8       0x1a ./src/HAL/DCM/DCM_Program.o
                0x080011e8                MOTOR_chanelStop
 .text.MOTOR_AllchanelStop
                0x08001202       0x1c ./src/HAL/DCM/DCM_Program.o
                0x08001202                MOTOR_AllchanelStop
 .text.MOTOR_chanelStart
                0x0800121e       0x1c ./src/HAL/DCM/DCM_Program.o
                0x0800121e                MOTOR_chanelStart
 .text.MOTOR_Forward
                0x0800123a       0x1c ./src/HAL/DCM/DCM_Program.o
                0x0800123a                MOTOR_Forward
 .text.MOTOR_Backward
                0x08001256       0x1c ./src/HAL/DCM/DCM_Program.o
                0x08001256                MOTOR_Backward
 .text.MOTOR_Right
                0x08001272       0x1c ./src/HAL/DCM/DCM_Program.o
                0x08001272                MOTOR_Right
 .text.MOTOR_Lift
                0x0800128e       0x1c ./src/HAL/DCM/DCM_Program.o
                0x0800128e                MOTOR_Lift
 .text.Main_voidInit
                0x080012aa       0x6c ./src/Main_Interface.o
                0x080012aa                Main_voidInit
 .text.main     0x08001316       0x54 ./src/main.o
                0x08001316                main
 *fill*         0x0800136a        0x2 
 .text          0x0800136c      0x378 d:/imt_sdk_win_64/winarm/armgcc/bin/../lib/gcc/arm-none-eabi/7.2.1/thumb/v7e-m\libgcc.a(_arm_addsubdf3.o)
                0x0800136c                __aeabi_drsub
                0x08001374                __aeabi_dsub
                0x08001374                __subdf3
                0x08001378                __aeabi_dadd
                0x08001378                __adddf3
                0x080015f0                __floatunsidf
                0x080015f0                __aeabi_ui2d
                0x08001610                __floatsidf
                0x08001610                __aeabi_i2d
                0x08001634                __aeabi_f2d
                0x08001634                __extendsfdf2
                0x08001678                __floatundidf
                0x08001678                __aeabi_ul2d
                0x08001688                __floatdidf
                0x08001688                __aeabi_l2d
 .text          0x080016e4      0x424 d:/imt_sdk_win_64/winarm/armgcc/bin/../lib/gcc/arm-none-eabi/7.2.1/thumb/v7e-m\libgcc.a(_arm_muldivdf3.o)
                0x080016e4                __aeabi_dmul
                0x080016e4                __muldf3
                0x08001938                __divdf3
                0x08001938                __aeabi_ddiv
 .text          0x08001b08       0xa0 d:/imt_sdk_win_64/winarm/armgcc/bin/../lib/gcc/arm-none-eabi/7.2.1/thumb/v7e-m\libgcc.a(_arm_truncdfsf2.o)
                0x08001b08                __truncdfsf2
                0x08001b08                __aeabi_d2f
 .text          0x08001ba8      0x21c d:/imt_sdk_win_64/winarm/armgcc/bin/../lib/gcc/arm-none-eabi/7.2.1/thumb/v7e-m\libgcc.a(_arm_addsubsf3.o)
                0x08001ba8                __aeabi_frsub
                0x08001bb0                __subsf3
                0x08001bb0                __aeabi_fsub
                0x08001bb4                __aeabi_fadd
                0x08001bb4                __addsf3
                0x08001d14                __aeabi_ui2f
                0x08001d14                __floatunsisf
                0x08001d1c                __aeabi_i2f
                0x08001d1c                __floatsisf
                0x08001d38                __aeabi_ul2f
                0x08001d38                __floatundisf
                0x08001d48                __aeabi_l2f
                0x08001d48                __floatdisf
 .text          0x08001dc4      0x2a0 d:/imt_sdk_win_64/winarm/armgcc/bin/../lib/gcc/arm-none-eabi/7.2.1/thumb/v7e-m\libgcc.a(_arm_muldivsf3.o)
                0x08001dc4                __mulsf3
                0x08001dc4                __aeabi_fmul
                0x08001f2c                __aeabi_fdiv
                0x08001f2c                __divsf3
 .text          0x08002064       0xec d:/imt_sdk_win_64/winarm/armgcc/bin/../lib/gcc/arm-none-eabi/7.2.1/thumb/v7e-m\libgcc.a(_arm_cmpsf2.o)
                0x08002064                __gesf2
                0x08002064                __gtsf2
                0x0800206c                __lesf2
                0x0800206c                __ltsf2
                0x08002074                __nesf2
                0x08002074                __eqsf2
                0x08002074                __cmpsf2
                0x080020d4                __aeabi_cfrcmple
                0x080020dc                __aeabi_cfcmpeq
                0x080020dc                __aeabi_cfcmple
                0x080020ec                __aeabi_fcmpeq
                0x08002100                __aeabi_fcmplt
                0x08002114                __aeabi_fcmple
                0x08002128                __aeabi_fcmpge
                0x0800213c                __aeabi_fcmpgt
 .text          0x08002150       0x40 d:/imt_sdk_win_64/winarm/armgcc/bin/../lib/gcc/arm-none-eabi/7.2.1/thumb/v7e-m\libgcc.a(_arm_fixunssfsi.o)
                0x08002150                __fixunssfsi
                0x08002150                __aeabi_f2uiz
 .text.__errno  0x08002190        0xc d:/imt_sdk_win_64/winarm/armgcc/bin/../lib/gcc/arm-none-eabi/7.2.1/../../../../arm-none-eabi/lib/thumb/v7e-m\libg_nano.a(lib_a-errno.o)
                0x08002190                __errno
 .text._vsnprintf_r
                0x0800219c       0x58 d:/imt_sdk_win_64/winarm/armgcc/bin/../lib/gcc/arm-none-eabi/7.2.1/../../../../arm-none-eabi/lib/thumb/v7e-m\libg_nano.a(lib_a-vsnprintf.o)
                0x0800219c                _vsniprintf_r
                0x0800219c                _vsnprintf_r
 .text.vsnprintf
                0x080021f4       0x1c d:/imt_sdk_win_64/winarm/armgcc/bin/../lib/gcc/arm-none-eabi/7.2.1/../../../../arm-none-eabi/lib/thumb/v7e-m\libg_nano.a(lib_a-vsnprintf.o)
                0x080021f4                vsniprintf
                0x080021f4                vsnprintf
 .text.__ssputs_r
                0x08002210       0xb4 d:/imt_sdk_win_64/winarm/armgcc/bin/../lib/gcc/arm-none-eabi/7.2.1/../../../../arm-none-eabi/lib/thumb/v7e-m\libg_nano.a(lib_a-nano-svfprintf.o)
                0x08002210                __ssputs_r
 .text._svfprintf_r
                0x080022c4      0x1ec d:/imt_sdk_win_64/winarm/armgcc/bin/../lib/gcc/arm-none-eabi/7.2.1/../../../../arm-none-eabi/lib/thumb/v7e-m\libg_nano.a(lib_a-nano-svfprintf.o)
                0x080022c4                _svfiprintf_r
                0x080022c4                _svfprintf_r
 .text._printf_common
                0x080024b0       0xea d:/imt_sdk_win_64/winarm/armgcc/bin/../lib/gcc/arm-none-eabi/7.2.1/../../../../arm-none-eabi/lib/thumb/v7e-m\libg_nano.a(lib_a-nano-vfprintf_i.o)
                0x080024b0                _printf_common
 *fill*         0x0800259a        0x2 
 .text._printf_i
                0x0800259c      0x224 d:/imt_sdk_win_64/winarm/armgcc/bin/../lib/gcc/arm-none-eabi/7.2.1/../../../../arm-none-eabi/lib/thumb/v7e-m\libg_nano.a(lib_a-nano-vfprintf_i.o)
                0x0800259c                _printf_i
 .text          0x080027c0       0xa0 d:/imt_sdk_win_64/winarm/armgcc/bin/../lib/gcc/arm-none-eabi/7.2.1/../../../../arm-none-eabi/lib/thumb/v7e-m\libg_nano.a(lib_a-memchr.o)
                0x080027c0                memchr
 .text.memcpy   0x08002860       0x16 d:/imt_sdk_win_64/winarm/armgcc/bin/../lib/gcc/arm-none-eabi/7.2.1/../../../../arm-none-eabi/lib/thumb/v7e-m\libg_nano.a(lib_a-memcpy-stub.o)
                0x08002860                memcpy
 .text.memmove  0x08002876       0x32 d:/imt_sdk_win_64/winarm/armgcc/bin/../lib/gcc/arm-none-eabi/7.2.1/../../../../arm-none-eabi/lib/thumb/v7e-m\libg_nano.a(lib_a-memmove.o)
                0x08002876                memmove
 .text._free_r  0x080028a8       0x9c d:/imt_sdk_win_64/winarm/armgcc/bin/../lib/gcc/arm-none-eabi/7.2.1/../../../../arm-none-eabi/lib/thumb/v7e-m\libg_nano.a(lib_a-nano-freer.o)
                0x080028a8                _free_r
 .text._malloc_r
                0x08002944       0xb4 d:/imt_sdk_win_64/winarm/armgcc/bin/../lib/gcc/arm-none-eabi/7.2.1/../../../../arm-none-eabi/lib/thumb/v7e-m\libg_nano.a(lib_a-nano-mallocr.o)
                0x08002944                _malloc_r
 .text._realloc_r
                0x080029f8       0x4c d:/imt_sdk_win_64/winarm/armgcc/bin/../lib/gcc/arm-none-eabi/7.2.1/../../../../arm-none-eabi/lib/thumb/v7e-m\libg_nano.a(lib_a-nano-reallocr.o)
                0x080029f8                _realloc_r
 .text._sbrk_r  0x08002a44       0x20 d:/imt_sdk_win_64/winarm/armgcc/bin/../lib/gcc/arm-none-eabi/7.2.1/../../../../arm-none-eabi/lib/thumb/v7e-m\libg_nano.a(lib_a-sbrkr.o)
                0x08002a44                _sbrk_r
 .text.__malloc_lock
                0x08002a64        0x2 d:/imt_sdk_win_64/winarm/armgcc/bin/../lib/gcc/arm-none-eabi/7.2.1/../../../../arm-none-eabi/lib/thumb/v7e-m\libg_nano.a(lib_a-mlock.o)
                0x08002a64                __malloc_lock
 .text.__malloc_unlock
                0x08002a66        0x2 d:/imt_sdk_win_64/winarm/armgcc/bin/../lib/gcc/arm-none-eabi/7.2.1/../../../../arm-none-eabi/lib/thumb/v7e-m\libg_nano.a(lib_a-mlock.o)
                0x08002a66                __malloc_unlock
 .text._malloc_usable_size_r
                0x08002a68       0x10 d:/imt_sdk_win_64/winarm/armgcc/bin/../lib/gcc/arm-none-eabi/7.2.1/../../../../arm-none-eabi/lib/thumb/v7e-m\libg_nano.a(lib_a-nano-msizer.o)
                0x08002a68                _malloc_usable_size_r
 *(.rodata .rodata.* .constdata .constdata.*)
 .rodata.dumpExceptionStack.str1.4
                0x08002a78      0x11a ./system/src/cortexm/exception_handlers.o
 *fill*         0x08002b92        0x2 
 .rodata.str1.4
                0x08002b94       0x2c ./system/src/cortexm/exception_handlers.o
                                 0x2a (size before relaxing)
 .rodata.AHBPrescTable
                0x08002bc0       0x10 ./system/src/cmsis/system_stm32f4xx.o
                0x08002bc0                AHBPrescTable
 .rodata._svfprintf_r.str1.1
                0x08002bd0       0x11 d:/imt_sdk_win_64/winarm/armgcc/bin/../lib/gcc/arm-none-eabi/7.2.1/../../../../arm-none-eabi/lib/thumb/v7e-m\libg_nano.a(lib_a-nano-svfprintf.o)
 .rodata._printf_i.str1.1
                0x08002be1       0x22 d:/imt_sdk_win_64/winarm/armgcc/bin/../lib/gcc/arm-none-eabi/7.2.1/../../../../arm-none-eabi/lib/thumb/v7e-m\libg_nano.a(lib_a-nano-vfprintf_i.o)
 *(vtable)
 *(.eh_frame*)
 *(.glue_7)
 .glue_7        0x08002c03        0x0 linker stubs
 *(.glue_7t)
 .glue_7t       0x08002c03        0x0 linker stubs

.vfp11_veneer   0x08002c04        0x0
 .vfp11_veneer  0x08002c04        0x0 linker stubs

.v4_bx          0x08002c04        0x0
 .v4_bx         0x08002c04        0x0 linker stubs

.iplt           0x08002c04        0x0
 .iplt          0x08002c04        0x0 ./system/src/newlib/_exit.o

.rel.dyn        0x08002c04        0x0
 .rel.iplt      0x08002c04        0x0 ./system/src/newlib/_exit.o

.ARM.extab
 *(.ARM.extab* .gnu.linkonce.armextab.*)
                0x08002c04                . = ALIGN (0x4)
                0x08002c04                __exidx_start = .

.ARM.exidx
 *(.ARM.exidx* .gnu.linkonce.armexidx.*)
                0x08002c04                __exidx_end = .
                0x08002c04                . = ALIGN (0x4)
                0x08002c04                _etext = .
                0x08002c04                __etext = .

.data_CCMRAM    0x10000000        0x0 load address 0x08002c04
 FILL mask 0xff
 *(.data.CCMRAM .data.CCMRAM.*)
                0x10000000                . = ALIGN (0x4)
                0x08002c04                _sidata = LOADADDR (.data)

.data           0x20000000       0x78 load address 0x08002c04
 FILL mask 0xff
                0x20000000                _sdata = .
                0x20000000                __data_start__ = .
 *(.data_begin .data_begin.*)
 .data_begin    0x20000000        0x4 ./system/src/newlib/_startup.o
 *(.data .data.*)
 .data.argv.4310
                0x20000004        0x8 ./system/src/newlib/_syscalls.o
 .data.SystemCoreClock
                0x2000000c        0x4 ./system/src/cmsis/system_stm32f4xx.o
                0x2000000c                SystemCoreClock
 .data._impure_ptr
                0x20000010        0x4 d:/imt_sdk_win_64/winarm/armgcc/bin/../lib/gcc/arm-none-eabi/7.2.1/../../../../arm-none-eabi/lib/thumb/v7e-m\libg_nano.a(lib_a-impure.o)
                0x20000010                _impure_ptr
 .data.impure_data
                0x20000014       0x60 d:/imt_sdk_win_64/winarm/armgcc/bin/../lib/gcc/arm-none-eabi/7.2.1/../../../../arm-none-eabi/lib/thumb/v7e-m\libg_nano.a(lib_a-impure.o)
 *(.data_end .data_end.*)
 .data_end      0x20000074        0x4 ./system/src/newlib/_startup.o
                0x20000078                . = ALIGN (0x4)
                0x20000078                _edata = .
                0x20000078                __data_end__ = .

.igot.plt       0x20000078        0x0 load address 0x08002c7c
 .igot.plt      0x20000078        0x0 ./system/src/newlib/_exit.o

.bss_CCMRAM     0x10000000        0x0
 *(.bss.CCMRAM .bss.CCMRAM.*)

.bss            0x20000078       0xa8
                0x20000078                __bss_start__ = .
                0x20000078                _sbss = .
 *(.bss_begin .bss_begin.*)
 .bss_begin     0x20000078        0x4 ./system/src/newlib/_startup.o
 *(.bss .bss.*)
 .bss.current_heap_end.3961
                0x2000007c        0x4 ./system/src/newlib/_sbrk.o
 .bss.name.4309
                0x20000080        0x1 ./system/src/newlib/_syscalls.o
 *fill*         0x20000081        0x3 
 .bss.buf.5205  0x20000084       0x80 ./system/src/diag/Trace.o
 .bss.DIV_Fraction
                0x20000104        0x1 ./src/MCAL/USART/USART_Prog.o
                0x20000104                DIV_Fraction
 *fill*         0x20000105        0x1 
 .bss.DIV_Mantissa
                0x20000106        0x2 ./src/MCAL/USART/USART_Prog.o
                0x20000106                DIV_Mantissa
 .bss.STK_PERIODIC
                0x20000108        0x4 ./src/MCAL/STK/STK_Program.o
 .bss.STK_SINGEL
                0x2000010c        0x4 ./src/MCAL/STK/STK_Program.o
 .bss.__malloc_free_list
                0x20000110        0x4 d:/imt_sdk_win_64/winarm/armgcc/bin/../lib/gcc/arm-none-eabi/7.2.1/../../../../arm-none-eabi/lib/thumb/v7e-m\libg_nano.a(lib_a-nano-mallocr.o)
                0x20000110                __malloc_free_list
 .bss.__malloc_sbrk_start
                0x20000114        0x4 d:/imt_sdk_win_64/winarm/armgcc/bin/../lib/gcc/arm-none-eabi/7.2.1/../../../../arm-none-eabi/lib/thumb/v7e-m\libg_nano.a(lib_a-nano-mallocr.o)
                0x20000114                __malloc_sbrk_start
 *(COMMON)
 COMMON         0x20000118        0x4 ./system/src/newlib/_syscalls.o
                0x20000118                errno
 *(.bss_end .bss_end.*)
 .bss_end       0x2000011c        0x4 ./system/src/newlib/_startup.o
                0x20000120                . = ALIGN (0x4)
                0x20000120                __bss_end__ = .
                0x20000120                _ebss = .

.noinit_CCMRAM
 *(.noinit.CCMRAM .noinit.CCMRAM.*)

.noinit         0x20000120        0x0
                0x20000120                _noinit = .
 *(.noinit .noinit.*)
                0x20000120                . = ALIGN (0x4)
                0x20000120                _end_noinit = .
                [!provide]                PROVIDE (end, _end_noinit)
                [!provide]                PROVIDE (_end, _end_noinit)
                [!provide]                PROVIDE (__end, _end_noinit)
                [!provide]                PROVIDE (__end__, _end_noinit)

._check_stack   0x20000120      0x100
                0x20000220                . = (. + _Minimum_Stack_Size)
 *fill*         0x20000120      0x100 

.b1text
 *(.b1text)
 *(.b1rodata)
 *(.b1rodata.*)

.eb0text
 *(.eb0text)
 *(.eb0rodata)
 *(.eb0rodata.*)

.eb1text
 *(.eb1text)
 *(.eb1rodata)
 *(.eb1rodata.*)

.eb2text
 *(.eb2text)
 *(.eb2rodata)
 *(.eb2rodata.*)

.eb3text
 *(.eb3text)
 *(.eb3rodata)
 *(.eb3rodata.*)

.stab
 *(.stab)

.stabstr
 *(.stabstr)

.stab.excl
 *(.stab.excl)

.stab.exclstr
 *(.stab.exclstr)

.stab.index
 *(.stab.index)

.stab.indexstr
 *(.stab.indexstr)

.comment        0x00000000       0x7e
 *(.comment)
 .comment       0x00000000       0x7e ./system/src/newlib/_exit.o
                                 0x7f (size before relaxing)
 .comment       0x0000007e       0x7f ./system/src/newlib/_sbrk.o
 .comment       0x0000007e       0x7f ./system/src/newlib/_startup.o
 .comment       0x0000007e       0x7f ./system/src/newlib/_syscalls.o
 .comment       0x0000007e       0x7f ./system/src/diag/Trace.o
 .comment       0x0000007e       0x7f ./system/src/diag/trace_impl.o
 .comment       0x0000007e       0x7f ./system/src/cortexm/_initialize_hardware.o
 .comment       0x0000007e       0x7f ./system/src/cortexm/exception_handlers.o
 .comment       0x0000007e       0x7f ./system/src/cmsis/system_stm32f4xx.o
 .comment       0x0000007e       0x7f ./system/src/cmsis/vectors_stm32f410Cx.o
 .comment       0x0000007e       0x7f ./src/MCAL/USART/USART_Prog.o
 .comment       0x0000007e       0x7f ./src/MCAL/TIMER/TIMER_program.o
 .comment       0x0000007e       0x7f ./src/MCAL/STK/STK_Program.o
 .comment       0x0000007e       0x7f ./src/MCAL/RCC/RCC_Program.o
 .comment       0x0000007e       0x7f ./src/MCAL/GPIO/GPIO_Program.o
 .comment       0x0000007e       0x7f ./src/HAL/DCM/DCM_Program.o
 .comment       0x0000007e       0x7f ./src/Main_Interface.o
 .comment       0x0000007e       0x7f ./src/main.o

.ARM.attributes
                0x00000000       0x31
 .ARM.attributes
                0x00000000       0x33 ./system/src/newlib/_exit.o
 .ARM.attributes
                0x00000033       0x33 ./system/src/newlib/_sbrk.o
 .ARM.attributes
                0x00000066       0x33 ./system/src/newlib/_startup.o
 .ARM.attributes
                0x00000099       0x33 ./system/src/newlib/_syscalls.o
 .ARM.attributes
                0x000000cc       0x33 ./system/src/diag/Trace.o
 .ARM.attributes
                0x000000ff       0x33 ./system/src/diag/trace_impl.o
 .ARM.attributes
                0x00000132       0x33 ./system/src/cortexm/_initialize_hardware.o
 .ARM.attributes
                0x00000165       0x33 ./system/src/cortexm/exception_handlers.o
 .ARM.attributes
                0x00000198       0x33 ./system/src/cmsis/system_stm32f4xx.o
 .ARM.attributes
                0x000001cb       0x33 ./system/src/cmsis/vectors_stm32f410Cx.o
 .ARM.attributes
                0x000001fe       0x33 ./src/MCAL/USART/USART_Prog.o
 .ARM.attributes
                0x00000231       0x33 ./src/MCAL/TIMER/TIMER_program.o
 .ARM.attributes
                0x00000264       0x33 ./src/MCAL/STK/STK_Program.o
 .ARM.attributes
                0x00000297       0x33 ./src/MCAL/RCC/RCC_Program.o
 .ARM.attributes
                0x000002ca       0x33 ./src/MCAL/GPIO/GPIO_Program.o
 .ARM.attributes
                0x000002fd       0x33 ./src/HAL/DCM/DCM_Program.o
 .ARM.attributes
                0x00000330       0x33 ./src/Main_Interface.o
 .ARM.attributes
                0x00000363       0x33 ./src/main.o
 .ARM.attributes
                0x00000396       0x1e d:/imt_sdk_win_64/winarm/armgcc/bin/../lib/gcc/arm-none-eabi/7.2.1/thumb/v7e-m\libgcc.a(_arm_addsubdf3.o)
 .ARM.attributes
                0x000003b4       0x1e d:/imt_sdk_win_64/winarm/armgcc/bin/../lib/gcc/arm-none-eabi/7.2.1/thumb/v7e-m\libgcc.a(_arm_muldivdf3.o)
 .ARM.attributes
                0x000003d2       0x1e d:/imt_sdk_win_64/winarm/armgcc/bin/../lib/gcc/arm-none-eabi/7.2.1/thumb/v7e-m\libgcc.a(_arm_truncdfsf2.o)
 .ARM.attributes
                0x000003f0       0x1e d:/imt_sdk_win_64/winarm/armgcc/bin/../lib/gcc/arm-none-eabi/7.2.1/thumb/v7e-m\libgcc.a(_arm_addsubsf3.o)
 .ARM.attributes
                0x0000040e       0x1e d:/imt_sdk_win_64/winarm/armgcc/bin/../lib/gcc/arm-none-eabi/7.2.1/thumb/v7e-m\libgcc.a(_arm_muldivsf3.o)
 .ARM.attributes
                0x0000042c       0x1e d:/imt_sdk_win_64/winarm/armgcc/bin/../lib/gcc/arm-none-eabi/7.2.1/thumb/v7e-m\libgcc.a(_arm_cmpsf2.o)
 .ARM.attributes
                0x0000044a       0x1e d:/imt_sdk_win_64/winarm/armgcc/bin/../lib/gcc/arm-none-eabi/7.2.1/thumb/v7e-m\libgcc.a(_arm_fixunssfsi.o)
 .ARM.attributes
                0x00000468       0x2e d:/imt_sdk_win_64/winarm/armgcc/bin/../lib/gcc/arm-none-eabi/7.2.1/../../../../arm-none-eabi/lib/thumb/v7e-m\libg_nano.a(lib_a-errno.o)
 .ARM.attributes
                0x00000496       0x2e d:/imt_sdk_win_64/winarm/armgcc/bin/../lib/gcc/arm-none-eabi/7.2.1/../../../../arm-none-eabi/lib/thumb/v7e-m\libg_nano.a(lib_a-impure.o)
 .ARM.attributes
                0x000004c4       0x2e d:/imt_sdk_win_64/winarm/armgcc/bin/../lib/gcc/arm-none-eabi/7.2.1/../../../../arm-none-eabi/lib/thumb/v7e-m\libg_nano.a(lib_a-vsnprintf.o)
 .ARM.attributes
                0x000004f2       0x2e d:/imt_sdk_win_64/winarm/armgcc/bin/../lib/gcc/arm-none-eabi/7.2.1/../../../../arm-none-eabi/lib/thumb/v7e-m\libg_nano.a(lib_a-nano-svfprintf.o)
 .ARM.attributes
                0x00000520       0x2e d:/imt_sdk_win_64/winarm/armgcc/bin/../lib/gcc/arm-none-eabi/7.2.1/../../../../arm-none-eabi/lib/thumb/v7e-m\libg_nano.a(lib_a-nano-vfprintf_i.o)
 .ARM.attributes
                0x0000054e       0x1c d:/imt_sdk_win_64/winarm/armgcc/bin/../lib/gcc/arm-none-eabi/7.2.1/../../../../arm-none-eabi/lib/thumb/v7e-m\libg_nano.a(lib_a-memchr.o)
 .ARM.attributes
                0x0000056a       0x2e d:/imt_sdk_win_64/winarm/armgcc/bin/../lib/gcc/arm-none-eabi/7.2.1/../../../../arm-none-eabi/lib/thumb/v7e-m\libg_nano.a(lib_a-memcpy-stub.o)
 .ARM.attributes
                0x00000598       0x2e d:/imt_sdk_win_64/winarm/armgcc/bin/../lib/gcc/arm-none-eabi/7.2.1/../../../../arm-none-eabi/lib/thumb/v7e-m\libg_nano.a(lib_a-memmove.o)
 .ARM.attributes
                0x000005c6       0x2e d:/imt_sdk_win_64/winarm/armgcc/bin/../lib/gcc/arm-none-eabi/7.2.1/../../../../arm-none-eabi/lib/thumb/v7e-m\libg_nano.a(lib_a-nano-freer.o)
 .ARM.attributes
                0x000005f4       0x2e d:/imt_sdk_win_64/winarm/armgcc/bin/../lib/gcc/arm-none-eabi/7.2.1/../../../../arm-none-eabi/lib/thumb/v7e-m\libg_nano.a(lib_a-nano-mallocr.o)
 .ARM.attributes
                0x00000622       0x2e d:/imt_sdk_win_64/winarm/armgcc/bin/../lib/gcc/arm-none-eabi/7.2.1/../../../../arm-none-eabi/lib/thumb/v7e-m\libg_nano.a(lib_a-nano-reallocr.o)
 .ARM.attributes
                0x00000650       0x2e d:/imt_sdk_win_64/winarm/armgcc/bin/../lib/gcc/arm-none-eabi/7.2.1/../../../../arm-none-eabi/lib/thumb/v7e-m\libg_nano.a(lib_a-sbrkr.o)
 .ARM.attributes
                0x0000067e       0x2e d:/imt_sdk_win_64/winarm/armgcc/bin/../lib/gcc/arm-none-eabi/7.2.1/../../../../arm-none-eabi/lib/thumb/v7e-m\libg_nano.a(lib_a-mlock.o)
 .ARM.attributes
                0x000006ac       0x2e d:/imt_sdk_win_64/winarm/armgcc/bin/../lib/gcc/arm-none-eabi/7.2.1/../../../../arm-none-eabi/lib/thumb/v7e-m\libg_nano.a(lib_a-nano-msizer.o)

.debug
 *(.debug)

.line
 *(.line)

.debug_srcinfo
 *(.debug_srcinfo)

.debug_sfnames
 *(.debug_sfnames)

.debug_aranges  0x00000000      0x480
 *(.debug_aranges)
 .debug_aranges
                0x00000000       0x28 ./system/src/newlib/_exit.o
 .debug_aranges
                0x00000028       0x20 ./system/src/newlib/_sbrk.o
 .debug_aranges
                0x00000048       0x40 ./system/src/newlib/_startup.o
 .debug_aranges
                0x00000088       0x30 ./system/src/newlib/_syscalls.o
 .debug_aranges
                0x000000b8       0x38 ./system/src/diag/Trace.o
 .debug_aranges
                0x000000f0       0x30 ./system/src/diag/trace_impl.o
 .debug_aranges
                0x00000120       0x28 ./system/src/cortexm/_initialize_hardware.o
 .debug_aranges
                0x00000148       0x90 ./system/src/cortexm/exception_handlers.o
 .debug_aranges
                0x000001d8       0x28 ./system/src/cmsis/system_stm32f4xx.o
 .debug_aranges
                0x00000200       0x20 ./system/src/cmsis/vectors_stm32f410Cx.o
 .debug_aranges
                0x00000220       0x58 ./src/MCAL/USART/USART_Prog.o
 .debug_aranges
                0x00000278       0x50 ./src/MCAL/TIMER/TIMER_program.o
 .debug_aranges
                0x000002c8       0x58 ./src/MCAL/STK/STK_Program.o
 .debug_aranges
                0x00000320       0x30 ./src/MCAL/RCC/RCC_Program.o
 .debug_aranges
                0x00000350       0x70 ./src/MCAL/GPIO/GPIO_Program.o
 .debug_aranges
                0x000003c0       0x80 ./src/HAL/DCM/DCM_Program.o
 .debug_aranges
                0x00000440       0x20 ./src/Main_Interface.o
 .debug_aranges
                0x00000460       0x20 ./src/main.o

.debug_pubnames
 *(.debug_pubnames)

.debug_info     0x00000000     0x869b
 *(.debug_info .gnu.linkonce.wi.*)
 .debug_info    0x00000000      0x956 ./system/src/newlib/_exit.o
 .debug_info    0x00000956      0x942 ./system/src/newlib/_sbrk.o
 .debug_info    0x00001298      0x4bf ./system/src/newlib/_startup.o
 .debug_info    0x00001757      0xa19 ./system/src/newlib/_syscalls.o
 .debug_info    0x00002170      0xb2a ./system/src/diag/Trace.o
 .debug_info    0x00002c9a      0xb6b ./system/src/diag/trace_impl.o
 .debug_info    0x00003805      0xade ./system/src/cortexm/_initialize_hardware.o
 .debug_info    0x000042e3     0x115a ./system/src/cortexm/exception_handlers.o
 .debug_info    0x0000543d      0xcbd ./system/src/cmsis/system_stm32f4xx.o
 .debug_info    0x000060fa       0xca ./system/src/cmsis/vectors_stm32f410Cx.o
 .debug_info    0x000061c4      0xae2 ./src/MCAL/USART/USART_Prog.o
 .debug_info    0x00006ca6      0x396 ./src/MCAL/TIMER/TIMER_program.o
 .debug_info    0x0000703c      0x1e8 ./src/MCAL/STK/STK_Program.o
 .debug_info    0x00007224      0x2ce ./src/MCAL/RCC/RCC_Program.o
 .debug_info    0x000074f2      0x3d8 ./src/MCAL/GPIO/GPIO_Program.o
 .debug_info    0x000078ca      0xa47 ./src/HAL/DCM/DCM_Program.o
 .debug_info    0x00008311      0x20a ./src/Main_Interface.o
 .debug_info    0x0000851b      0x180 ./src/main.o

.debug_abbrev   0x00000000     0x1d50
 *(.debug_abbrev)
 .debug_abbrev  0x00000000      0x1f3 ./system/src/newlib/_exit.o
 .debug_abbrev  0x000001f3      0x1fc ./system/src/newlib/_sbrk.o
 .debug_abbrev  0x000003ef      0x1cb ./system/src/newlib/_startup.o
 .debug_abbrev  0x000005ba      0x234 ./system/src/newlib/_syscalls.o
 .debug_abbrev  0x000007ee      0x276 ./system/src/diag/Trace.o
 .debug_abbrev  0x00000a64      0x2ef ./system/src/diag/trace_impl.o
 .debug_abbrev  0x00000d53      0x1de ./system/src/cortexm/_initialize_hardware.o
 .debug_abbrev  0x00000f31      0x32b ./system/src/cortexm/exception_handlers.o
 .debug_abbrev  0x0000125c      0x216 ./system/src/cmsis/system_stm32f4xx.o
 .debug_abbrev  0x00001472       0x9d ./system/src/cmsis/vectors_stm32f410Cx.o
 .debug_abbrev  0x0000150f      0x28f ./src/MCAL/USART/USART_Prog.o
 .debug_abbrev  0x0000179e      0x112 ./src/MCAL/TIMER/TIMER_program.o
 .debug_abbrev  0x000018b0      0x12b ./src/MCAL/STK/STK_Program.o
 .debug_abbrev  0x000019db       0x91 ./src/MCAL/RCC/RCC_Program.o
 .debug_abbrev  0x00001a6c      0x121 ./src/MCAL/GPIO/GPIO_Program.o
 .debug_abbrev  0x00001b8d       0xd3 ./src/HAL/DCM/DCM_Program.o
 .debug_abbrev  0x00001c60       0x71 ./src/Main_Interface.o
 .debug_abbrev  0x00001cd1       0x7f ./src/main.o

.debug_line     0x00000000     0x4a48
 *(.debug_line)
 .debug_line    0x00000000      0x2f7 ./system/src/newlib/_exit.o
 .debug_line    0x000002f7      0x2ab ./system/src/newlib/_sbrk.o
 .debug_line    0x000005a2      0x373 ./system/src/newlib/_startup.o
 .debug_line    0x00000915      0x3ab ./system/src/newlib/_syscalls.o
 .debug_line    0x00000cc0      0x373 ./system/src/diag/Trace.o
 .debug_line    0x00001033      0xa56 ./system/src/diag/trace_impl.o
 .debug_line    0x00001a89      0x9bf ./system/src/cortexm/_initialize_hardware.o
 .debug_line    0x00002448      0xb0d ./system/src/cortexm/exception_handlers.o
 .debug_line    0x00002f55      0x9c5 ./system/src/cmsis/system_stm32f4xx.o
 .debug_line    0x0000391a       0xec ./system/src/cmsis/vectors_stm32f410Cx.o
 .debug_line    0x00003a06      0x31e ./src/MCAL/USART/USART_Prog.o
 .debug_line    0x00003d24      0x1e5 ./src/MCAL/TIMER/TIMER_program.o
 .debug_line    0x00003f09      0x150 ./src/MCAL/STK/STK_Program.o
 .debug_line    0x00004059       0xe5 ./src/MCAL/RCC/RCC_Program.o
 .debug_line    0x0000413e      0x20b ./src/MCAL/GPIO/GPIO_Program.o
 .debug_line    0x00004349      0x2c5 ./src/HAL/DCM/DCM_Program.o
 .debug_line    0x0000460e      0x220 ./src/Main_Interface.o
 .debug_line    0x0000482e      0x21a ./src/main.o

.debug_frame    0x00000000      0xdf4
 *(.debug_frame)
 .debug_frame   0x00000000       0x38 ./system/src/newlib/_exit.o
 .debug_frame   0x00000038       0x28 ./system/src/newlib/_sbrk.o
 .debug_frame   0x00000060       0x7c ./system/src/newlib/_startup.o
 .debug_frame   0x000000dc       0x50 ./system/src/newlib/_syscalls.o
 .debug_frame   0x0000012c       0x94 ./system/src/diag/Trace.o
 .debug_frame   0x000001c0       0x64 ./system/src/diag/trace_impl.o
 .debug_frame   0x00000224       0x40 ./system/src/cortexm/_initialize_hardware.o
 .debug_frame   0x00000264      0x158 ./system/src/cortexm/exception_handlers.o
 .debug_frame   0x000003bc       0x30 ./system/src/cmsis/system_stm32f4xx.o
 .debug_frame   0x000003ec       0x20 ./system/src/cmsis/vectors_stm32f410Cx.o
 .debug_frame   0x0000040c       0xac ./src/MCAL/USART/USART_Prog.o
 .debug_frame   0x000004b8       0x80 ./src/MCAL/TIMER/TIMER_program.o
 .debug_frame   0x00000538       0x98 ./src/MCAL/STK/STK_Program.o
 .debug_frame   0x000005d0       0x40 ./src/MCAL/RCC/RCC_Program.o
 .debug_frame   0x00000610       0xf4 ./src/MCAL/GPIO/GPIO_Program.o
 .debug_frame   0x00000704      0x148 ./src/HAL/DCM/DCM_Program.o
 .debug_frame   0x0000084c       0x28 ./src/Main_Interface.o
 .debug_frame   0x00000874       0x28 ./src/main.o
 .debug_frame   0x0000089c       0xac d:/imt_sdk_win_64/winarm/armgcc/bin/../lib/gcc/arm-none-eabi/7.2.1/thumb/v7e-m\libgcc.a(_arm_addsubdf3.o)
 .debug_frame   0x00000948       0x50 d:/imt_sdk_win_64/winarm/armgcc/bin/../lib/gcc/arm-none-eabi/7.2.1/thumb/v7e-m\libgcc.a(_arm_muldivdf3.o)
 .debug_frame   0x00000998       0x24 d:/imt_sdk_win_64/winarm/armgcc/bin/../lib/gcc/arm-none-eabi/7.2.1/thumb/v7e-m\libgcc.a(_arm_truncdfsf2.o)
 .debug_frame   0x000009bc       0x4c d:/imt_sdk_win_64/winarm/armgcc/bin/../lib/gcc/arm-none-eabi/7.2.1/thumb/v7e-m\libgcc.a(_arm_addsubsf3.o)
 .debug_frame   0x00000a08       0x38 d:/imt_sdk_win_64/winarm/armgcc/bin/../lib/gcc/arm-none-eabi/7.2.1/thumb/v7e-m\libgcc.a(_arm_muldivsf3.o)
 .debug_frame   0x00000a40       0xc8 d:/imt_sdk_win_64/winarm/armgcc/bin/../lib/gcc/arm-none-eabi/7.2.1/thumb/v7e-m\libgcc.a(_arm_cmpsf2.o)
 .debug_frame   0x00000b08       0x24 d:/imt_sdk_win_64/winarm/armgcc/bin/../lib/gcc/arm-none-eabi/7.2.1/thumb/v7e-m\libgcc.a(_arm_fixunssfsi.o)
 .debug_frame   0x00000b2c       0x20 d:/imt_sdk_win_64/winarm/armgcc/bin/../lib/gcc/arm-none-eabi/7.2.1/../../../../arm-none-eabi/lib/thumb/v7e-m\libg_nano.a(lib_a-errno.o)
 .debug_frame   0x00000b4c       0x4c d:/imt_sdk_win_64/winarm/armgcc/bin/../lib/gcc/arm-none-eabi/7.2.1/../../../../arm-none-eabi/lib/thumb/v7e-m\libg_nano.a(lib_a-vsnprintf.o)
 .debug_frame   0x00000b98       0x90 d:/imt_sdk_win_64/winarm/armgcc/bin/../lib/gcc/arm-none-eabi/7.2.1/../../../../arm-none-eabi/lib/thumb/v7e-m\libg_nano.a(lib_a-nano-svfprintf.o)
 .debug_frame   0x00000c28       0x60 d:/imt_sdk_win_64/winarm/armgcc/bin/../lib/gcc/arm-none-eabi/7.2.1/../../../../arm-none-eabi/lib/thumb/v7e-m\libg_nano.a(lib_a-nano-vfprintf_i.o)
 .debug_frame   0x00000c88       0x28 d:/imt_sdk_win_64/winarm/armgcc/bin/../lib/gcc/arm-none-eabi/7.2.1/../../../../arm-none-eabi/lib/thumb/v7e-m\libg_nano.a(lib_a-memcpy-stub.o)
 .debug_frame   0x00000cb0       0x28 d:/imt_sdk_win_64/winarm/armgcc/bin/../lib/gcc/arm-none-eabi/7.2.1/../../../../arm-none-eabi/lib/thumb/v7e-m\libg_nano.a(lib_a-memmove.o)
 .debug_frame   0x00000cd8       0x38 d:/imt_sdk_win_64/winarm/armgcc/bin/../lib/gcc/arm-none-eabi/7.2.1/../../../../arm-none-eabi/lib/thumb/v7e-m\libg_nano.a(lib_a-nano-freer.o)
 .debug_frame   0x00000d10       0x2c d:/imt_sdk_win_64/winarm/armgcc/bin/../lib/gcc/arm-none-eabi/7.2.1/../../../../arm-none-eabi/lib/thumb/v7e-m\libg_nano.a(lib_a-nano-mallocr.o)
 .debug_frame   0x00000d3c       0x3c d:/imt_sdk_win_64/winarm/armgcc/bin/../lib/gcc/arm-none-eabi/7.2.1/../../../../arm-none-eabi/lib/thumb/v7e-m\libg_nano.a(lib_a-nano-reallocr.o)
 .debug_frame   0x00000d78       0x2c d:/imt_sdk_win_64/winarm/armgcc/bin/../lib/gcc/arm-none-eabi/7.2.1/../../../../arm-none-eabi/lib/thumb/v7e-m\libg_nano.a(lib_a-sbrkr.o)
 .debug_frame   0x00000da4       0x30 d:/imt_sdk_win_64/winarm/armgcc/bin/../lib/gcc/arm-none-eabi/7.2.1/../../../../arm-none-eabi/lib/thumb/v7e-m\libg_nano.a(lib_a-mlock.o)
 .debug_frame   0x00000dd4       0x20 d:/imt_sdk_win_64/winarm/armgcc/bin/../lib/gcc/arm-none-eabi/7.2.1/../../../../arm-none-eabi/lib/thumb/v7e-m\libg_nano.a(lib_a-nano-msizer.o)

.debug_str      0x00000000    0x6f232
 *(.debug_str)
 .debug_str     0x00000000     0x7d2c ./system/src/newlib/_exit.o
                               0x7eff (size before relaxing)
 .debug_str     0x00007d2c      0x4f5 ./system/src/newlib/_sbrk.o
                               0x72b1 (size before relaxing)
 .debug_str     0x00008221      0xc23 ./system/src/newlib/_startup.o
                               0x6a52 (size before relaxing)
 .debug_str     0x00008e44      0xe8b ./system/src/newlib/_syscalls.o
                               0x818c (size before relaxing)
 .debug_str     0x00009ccf      0x826 ./system/src/diag/Trace.o
                               0x8677 (size before relaxing)
 .debug_str     0x0000a4f5    0x6278c ./system/src/diag/trace_impl.o
                              0x6b8f2 (size before relaxing)
 .debug_str     0x0006cc81       0xc4 ./system/src/cortexm/_initialize_hardware.o
                              0x6a684 (size before relaxing)
 .debug_str     0x0006cd45      0x1a6 ./system/src/cortexm/exception_handlers.o
                              0x6ba7c (size before relaxing)
 .debug_str     0x0006ceeb       0xc9 ./system/src/cmsis/system_stm32f4xx.o
                              0x6a736 (size before relaxing)
 .debug_str     0x0006cfb4       0x59 ./system/src/cmsis/vectors_stm32f410Cx.o
                               0x388f (size before relaxing)
 .debug_str     0x0006d00d      0xcb3 ./src/MCAL/USART/USART_Prog.o
                               0x6de1 (size before relaxing)
 .debug_str     0x0006dcc0      0x326 ./src/MCAL/TIMER/TIMER_program.o
                               0x32d4 (size before relaxing)
 .debug_str     0x0006dfe6      0x243 ./src/MCAL/STK/STK_Program.o
                               0x31be (size before relaxing)
 .debug_str     0x0006e229      0x68d ./src/MCAL/RCC/RCC_Program.o
                               0x35f3 (size before relaxing)
 .debug_str     0x0006e8b6      0x78f ./src/MCAL/GPIO/GPIO_Program.o
                               0x36f5 (size before relaxing)
 .debug_str     0x0006f045      0x18a ./src/HAL/DCM/DCM_Program.o
                               0x3c6a (size before relaxing)
 .debug_str     0x0006f1cf       0x48 ./src/Main_Interface.o
                               0x3ee7 (size before relaxing)
 .debug_str     0x0006f217       0x1b ./src/main.o
                               0x3ed1 (size before relaxing)

.debug_loc      0x00000000     0x1822
 *(.debug_loc)
 .debug_loc     0x00000000       0x85 ./system/src/newlib/_sbrk.o
 .debug_loc     0x00000085      0x2cb ./system/src/newlib/_startup.o
 .debug_loc     0x00000350       0x63 ./system/src/newlib/_syscalls.o
 .debug_loc     0x000003b3       0xf6 ./system/src/diag/Trace.o
 .debug_loc     0x000004a9      0x121 ./system/src/diag/trace_impl.o
 .debug_loc     0x000005ca      0x291 ./system/src/cortexm/exception_handlers.o
 .debug_loc     0x0000085b      0x13e ./system/src/cmsis/system_stm32f4xx.o
 .debug_loc     0x00000999      0x113 ./src/MCAL/USART/USART_Prog.o
 .debug_loc     0x00000aac      0x2dc ./src/MCAL/TIMER/TIMER_program.o
 .debug_loc     0x00000d88       0x2f ./src/MCAL/STK/STK_Program.o
 .debug_loc     0x00000db7      0x133 ./src/MCAL/RCC/RCC_Program.o
 .debug_loc     0x00000eea      0x8d8 ./src/MCAL/GPIO/GPIO_Program.o
 .debug_loc     0x000017c2       0x42 ./src/HAL/DCM/DCM_Program.o
 .debug_loc     0x00001804       0x1e ./src/main.o

.debug_macinfo
 *(.debug_macinfo)

.debug_weaknames
 *(.debug_weaknames)

.debug_funcnames
 *(.debug_funcnames)

.debug_typenames
 *(.debug_typenames)

.debug_varnames
 *(.debug_varnames)
OUTPUT(BackUpApp.elf elf32-littlearm)

.debug_ranges   0x00000000      0x3f0
 .debug_ranges  0x00000000       0x18 ./system/src/newlib/_exit.o
 .debug_ranges  0x00000018       0x10 ./system/src/newlib/_sbrk.o
 .debug_ranges  0x00000028       0x90 ./system/src/newlib/_startup.o
 .debug_ranges  0x000000b8       0x20 ./system/src/newlib/_syscalls.o
 .debug_ranges  0x000000d8       0x28 ./system/src/diag/Trace.o
 .debug_ranges  0x00000100       0x50 ./system/src/diag/trace_impl.o
 .debug_ranges  0x00000150       0x18 ./system/src/cortexm/_initialize_hardware.o
 .debug_ranges  0x00000168       0x80 ./system/src/cortexm/exception_handlers.o
 .debug_ranges  0x000001e8       0x18 ./system/src/cmsis/system_stm32f4xx.o
 .debug_ranges  0x00000200       0x10 ./system/src/cmsis/vectors_stm32f410Cx.o
 .debug_ranges  0x00000210       0x48 ./src/MCAL/USART/USART_Prog.o
 .debug_ranges  0x00000258       0x40 ./src/MCAL/TIMER/TIMER_program.o
 .debug_ranges  0x00000298       0x48 ./src/MCAL/STK/STK_Program.o
 .debug_ranges  0x000002e0       0x20 ./src/MCAL/RCC/RCC_Program.o
 .debug_ranges  0x00000300       0x60 ./src/MCAL/GPIO/GPIO_Program.o
 .debug_ranges  0x00000360       0x70 ./src/HAL/DCM/DCM_Program.o
 .debug_ranges  0x000003d0       0x10 ./src/Main_Interface.o
 .debug_ranges  0x000003e0       0x10 ./src/main.o

.debug_macro    0x00000000     0x3ee9
 .debug_macro   0x00000000      0x1b4 ./system/src/newlib/_exit.o
 .debug_macro   0x000001b4      0x10e ./system/src/newlib/_exit.o
 .debug_macro   0x000002c2       0x8d ./system/src/newlib/_exit.o
 .debug_macro   0x0000034f       0x35 ./system/src/newlib/_exit.o
 .debug_macro   0x00000384      0x169 ./system/src/newlib/_sbrk.o
 .debug_macro   0x000004ed      0x174 ./system/src/newlib/_sbrk.o
 .debug_macro   0x00000661       0x10 ./system/src/newlib/_sbrk.o
 .debug_macro   0x00000671      0x23b ./system/src/newlib/_sbrk.o
 .debug_macro   0x000008ac      0x173 ./system/src/newlib/_startup.o
 .debug_macro   0x00000a1f      0xa72 ./system/src/newlib/_startup.o
 .debug_macro   0x00001491      0x217 ./system/src/newlib/_syscalls.o
 .debug_macro   0x000016a8       0x1c ./system/src/newlib/_syscalls.o
 .debug_macro   0x000016c4       0x10 ./system/src/newlib/_syscalls.o
 .debug_macro   0x000016d4       0x10 ./system/src/newlib/_syscalls.o
 .debug_macro   0x000016e4       0x10 ./system/src/newlib/_syscalls.o
 .debug_macro   0x000016f4       0x35 ./system/src/newlib/_syscalls.o
 .debug_macro   0x00001729      0x122 ./system/src/newlib/_syscalls.o
 .debug_macro   0x0000184b       0x88 ./system/src/newlib/_syscalls.o
 .debug_macro   0x000018d3       0x2b ./system/src/newlib/_syscalls.o
 .debug_macro   0x000018fe      0x118 ./system/src/newlib/_syscalls.o
 .debug_macro   0x00001a16      0x189 ./system/src/newlib/_syscalls.o
 .debug_macro   0x00001b9f       0x16 ./system/src/newlib/_syscalls.o
 .debug_macro   0x00001bb5      0x1fb ./system/src/diag/Trace.o
 .debug_macro   0x00001db0       0x4c ./system/src/diag/Trace.o
 .debug_macro   0x00001dfc       0x16 ./system/src/diag/Trace.o
 .debug_macro   0x00001e12      0x520 ./system/src/diag/trace_impl.o
 .debug_macro   0x00002332       0x22 ./system/src/diag/trace_impl.o
 .debug_macro   0x00002354      0x4e4 ./system/src/cortexm/_initialize_hardware.o
 .debug_macro   0x00002838      0x54d ./system/src/cortexm/exception_handlers.o
 .debug_macro   0x00002d85       0x3b ./system/src/cortexm/exception_handlers.o
 .debug_macro   0x00002dc0      0x4e0 ./system/src/cmsis/system_stm32f4xx.o
 .debug_macro   0x000032a0       0x34 ./system/src/cmsis/vectors_stm32f410Cx.o
 .debug_macro   0x000032d4      0x104 ./src/MCAL/USART/USART_Prog.o
 .debug_macro   0x000033d8       0x46 ./src/MCAL/USART/USART_Prog.o
 .debug_macro   0x0000341e       0x16 ./src/MCAL/USART/USART_Prog.o
 .debug_macro   0x00003434       0x40 ./src/MCAL/USART/USART_Prog.o
 .debug_macro   0x00003474      0x1e1 ./src/MCAL/USART/USART_Prog.o
 .debug_macro   0x00003655       0x36 ./src/MCAL/TIMER/TIMER_program.o
 .debug_macro   0x0000368b       0x22 ./src/MCAL/TIMER/TIMER_program.o
 .debug_macro   0x000036ad       0x88 ./src/MCAL/TIMER/TIMER_program.o
 .debug_macro   0x00003735       0x40 ./src/MCAL/STK/STK_Program.o
 .debug_macro   0x00003775       0x40 ./src/MCAL/STK/STK_Program.o
 .debug_macro   0x000037b5       0x16 ./src/MCAL/STK/STK_Program.o
 .debug_macro   0x000037cb       0x36 ./src/MCAL/RCC/RCC_Program.o
 .debug_macro   0x00003801       0x7c ./src/MCAL/RCC/RCC_Program.o
 .debug_macro   0x0000387d      0x189 ./src/MCAL/RCC/RCC_Program.o
 .debug_macro   0x00003a06       0x3f ./src/MCAL/GPIO/GPIO_Program.o
 .debug_macro   0x00003a45       0x10 ./src/MCAL/GPIO/GPIO_Program.o
 .debug_macro   0x00003a55      0x181 ./src/MCAL/GPIO/GPIO_Program.o
 .debug_macro   0x00003bd6       0x10 ./src/MCAL/GPIO/GPIO_Program.o
 .debug_macro   0x00003be6       0x77 ./src/HAL/DCM/DCM_Program.o
 .debug_macro   0x00003c5d       0x22 ./src/HAL/DCM/DCM_Program.o
 .debug_macro   0x00003c7f       0x1c ./src/HAL/DCM/DCM_Program.o
 .debug_macro   0x00003c9b       0x10 ./src/HAL/DCM/DCM_Program.o
 .debug_macro   0x00003cab       0x22 ./src/HAL/DCM/DCM_Program.o
 .debug_macro   0x00003ccd       0xca ./src/Main_Interface.o
 .debug_macro   0x00003d97       0x88 ./src/Main_Interface.o
 .debug_macro   0x00003e1f       0xca ./src/main.o
