Archive member included to satisfy reference by file (symbol)

d:/imt_sdk_win_64/winarm/armgcc/bin/../lib/gcc/arm-none-eabi/7.2.1/../../../../arm-none-eabi/lib/thumb/v7e-m\libg_nano.a(lib_a-errno.o)
                              ./system/src/newlib/_sbrk.o (__errno)
d:/imt_sdk_win_64/winarm/armgcc/bin/../lib/gcc/arm-none-eabi/7.2.1/../../../../arm-none-eabi/lib/thumb/v7e-m\libg_nano.a(lib_a-impure.o)
                              d:/imt_sdk_win_64/winarm/armgcc/bin/../lib/gcc/arm-none-eabi/7.2.1/../../../../arm-none-eabi/lib/thumb/v7e-m\libg_nano.a(lib_a-errno.o) (_impure_ptr)
d:/imt_sdk_win_64/winarm/armgcc/bin/../lib/gcc/arm-none-eabi/7.2.1/../../../../arm-none-eabi/lib/thumb/v7e-m\libg_nano.a(lib_a-strlen.o)
                              ./system/src/diag/Trace.o (strlen)
d:/imt_sdk_win_64/winarm/armgcc/bin/../lib/gcc/arm-none-eabi/7.2.1/../../../../arm-none-eabi/lib/thumb/v7e-m\libg_nano.a(lib_a-vsnprintf.o)
                              ./system/src/diag/Trace.o (vsnprintf)
d:/imt_sdk_win_64/winarm/armgcc/bin/../lib/gcc/arm-none-eabi/7.2.1/../../../../arm-none-eabi/lib/thumb/v7e-m\libg_nano.a(lib_a-nano-svfprintf.o)
                              d:/imt_sdk_win_64/winarm/armgcc/bin/../lib/gcc/arm-none-eabi/7.2.1/../../../../arm-none-eabi/lib/thumb/v7e-m\libg_nano.a(lib_a-vsnprintf.o) (_svfprintf_r)
d:/imt_sdk_win_64/winarm/armgcc/bin/../lib/gcc/arm-none-eabi/7.2.1/../../../../arm-none-eabi/lib/thumb/v7e-m\libg_nano.a(lib_a-nano-vfprintf_i.o)
                              d:/imt_sdk_win_64/winarm/armgcc/bin/../lib/gcc/arm-none-eabi/7.2.1/../../../../arm-none-eabi/lib/thumb/v7e-m\libg_nano.a(lib_a-nano-svfprintf.o) (_printf_i)
d:/imt_sdk_win_64/winarm/armgcc/bin/../lib/gcc/arm-none-eabi/7.2.1/../../../../arm-none-eabi/lib/thumb/v7e-m\libg_nano.a(lib_a-memchr.o)
                              d:/imt_sdk_win_64/winarm/armgcc/bin/../lib/gcc/arm-none-eabi/7.2.1/../../../../arm-none-eabi/lib/thumb/v7e-m\libg_nano.a(lib_a-nano-svfprintf.o) (memchr)
d:/imt_sdk_win_64/winarm/armgcc/bin/../lib/gcc/arm-none-eabi/7.2.1/../../../../arm-none-eabi/lib/thumb/v7e-m\libg_nano.a(lib_a-memcpy-stub.o)
                              d:/imt_sdk_win_64/winarm/armgcc/bin/../lib/gcc/arm-none-eabi/7.2.1/../../../../arm-none-eabi/lib/thumb/v7e-m\libg_nano.a(lib_a-nano-svfprintf.o) (memcpy)
d:/imt_sdk_win_64/winarm/armgcc/bin/../lib/gcc/arm-none-eabi/7.2.1/../../../../arm-none-eabi/lib/thumb/v7e-m\libg_nano.a(lib_a-memmove.o)
                              d:/imt_sdk_win_64/winarm/armgcc/bin/../lib/gcc/arm-none-eabi/7.2.1/../../../../arm-none-eabi/lib/thumb/v7e-m\libg_nano.a(lib_a-nano-svfprintf.o) (memmove)
d:/imt_sdk_win_64/winarm/armgcc/bin/../lib/gcc/arm-none-eabi/7.2.1/../../../../arm-none-eabi/lib/thumb/v7e-m\libg_nano.a(lib_a-nano-freer.o)
                              d:/imt_sdk_win_64/winarm/armgcc/bin/../lib/gcc/arm-none-eabi/7.2.1/../../../../arm-none-eabi/lib/thumb/v7e-m\libg_nano.a(lib_a-nano-svfprintf.o) (_free_r)
d:/imt_sdk_win_64/winarm/armgcc/bin/../lib/gcc/arm-none-eabi/7.2.1/../../../../arm-none-eabi/lib/thumb/v7e-m\libg_nano.a(lib_a-nano-mallocr.o)
                              d:/imt_sdk_win_64/winarm/armgcc/bin/../lib/gcc/arm-none-eabi/7.2.1/../../../../arm-none-eabi/lib/thumb/v7e-m\libg_nano.a(lib_a-nano-svfprintf.o) (_malloc_r)
d:/imt_sdk_win_64/winarm/armgcc/bin/../lib/gcc/arm-none-eabi/7.2.1/../../../../arm-none-eabi/lib/thumb/v7e-m\libg_nano.a(lib_a-nano-reallocr.o)
                              d:/imt_sdk_win_64/winarm/armgcc/bin/../lib/gcc/arm-none-eabi/7.2.1/../../../../arm-none-eabi/lib/thumb/v7e-m\libg_nano.a(lib_a-nano-svfprintf.o) (_realloc_r)
d:/imt_sdk_win_64/winarm/armgcc/bin/../lib/gcc/arm-none-eabi/7.2.1/../../../../arm-none-eabi/lib/thumb/v7e-m\libg_nano.a(lib_a-sbrkr.o)
                              d:/imt_sdk_win_64/winarm/armgcc/bin/../lib/gcc/arm-none-eabi/7.2.1/../../../../arm-none-eabi/lib/thumb/v7e-m\libg_nano.a(lib_a-nano-mallocr.o) (_sbrk_r)
d:/imt_sdk_win_64/winarm/armgcc/bin/../lib/gcc/arm-none-eabi/7.2.1/../../../../arm-none-eabi/lib/thumb/v7e-m\libg_nano.a(lib_a-mlock.o)
                              d:/imt_sdk_win_64/winarm/armgcc/bin/../lib/gcc/arm-none-eabi/7.2.1/../../../../arm-none-eabi/lib/thumb/v7e-m\libg_nano.a(lib_a-nano-freer.o) (__malloc_lock)
d:/imt_sdk_win_64/winarm/armgcc/bin/../lib/gcc/arm-none-eabi/7.2.1/../../../../arm-none-eabi/lib/thumb/v7e-m\libg_nano.a(lib_a-nano-msizer.o)
                              d:/imt_sdk_win_64/winarm/armgcc/bin/../lib/gcc/arm-none-eabi/7.2.1/../../../../arm-none-eabi/lib/thumb/v7e-m\libg_nano.a(lib_a-nano-reallocr.o) (_malloc_usable_size_r)

Allocating common symbols
Common symbol       size              file

errno               0x4               ./system/src/newlib/_syscalls.o
uwTick              0x4               ./system/src/stm32f4-hal/stm32f4xx_hal.o
pFlash              0x20              ./system/src/stm32f4-hal/stm32f4xx_hal_flash.o
RecieveBuffer       0x64              ./src/main.o
[...]
Memory Configuration

Name             Origin             Length             Attributes
RAM              0x20000000         0x00010000         xrw
CCMRAM           0x10000000         0x00000000         xrw
FLASH            0x08000000         0x00040000         xr
FLASHB1          0x00000000         0x00000000         xr
EXTMEMB0         0x00000000         0x00000000         xr
EXTMEMB1         0x00000000         0x00000000         xr
EXTMEMB2         0x00000000         0x00000000         xr
EXTMEMB3         0x00000000         0x00000000         xr
*default*        0x00000000         0xffffffff

Linker script and memory map

LOAD ./system/src/stm32f4-hal/stm32f4xx_hal.o
LOAD ./system/src/stm32f4-hal/stm32f4xx_hal_cortex.o
LOAD ./system/src/stm32f4-hal/stm32f4xx_hal_dfsdm.o
LOAD ./system/src/stm32f4-hal/stm32f4xx_hal_flash.o
LOAD ./system/src/stm32f4-hal/stm32f4xx_hal_gpio.o
LOAD ./system/src/stm32f4-hal/stm32f4xx_hal_iwdg.o
LOAD ./system/src/stm32f4-hal/stm32f4xx_hal_pwr.o
LOAD ./system/src/stm32f4-hal/stm32f4xx_hal_rcc.o
LOAD ./system/src/newlib/_cxx.o
LOAD ./system/src/newlib/_exit.o
LOAD ./system/src/newlib/_sbrk.o
LOAD ./system/src/newlib/_startup.o
LOAD ./system/src/newlib/_syscalls.o
LOAD ./system/src/newlib/assert.o
LOAD ./system/src/diag/Trace.o
LOAD ./system/src/diag/trace_impl.o
LOAD ./system/src/cortexm/_initialize_hardware.o
LOAD ./system/src/cortexm/_reset_hardware.o
LOAD ./system/src/cortexm/exception_handlers.o
LOAD ./system/src/cmsis/system_stm32f4xx.o
LOAD ./system/src/cmsis/vectors_stm32f401xc.o
LOAD ./src/SERVICES/PARSING/HEX_PARSE.o
LOAD ./src/MCAL/USART/USART_pro.o
LOAD ./src/MCAL/SPI/SPI_program.o
LOAD ./src/MCAL/RCC/RCC_program.o
LOAD ./src/MCAL/MSTK/MSTK_Prog.o
LOAD ./src/MCAL/GPIO/GPIO_program.o
LOAD ./src/MCAL/FLASH_DRIVER/FLASH_pro.o
LOAD ./src/HAL/TFT/Fonts1.o
LOAD ./src/HAL/TFT/TFT_Prog.o
LOAD ./src/main.o
LOAD ./src/main_Interface.o
LOAD ./src/main_TFT.o
LOAD ./src/stm32f4xx_hal_msp.o
LOAD d:/imt_sdk_win_64/winarm/armgcc/bin/../lib/gcc/arm-none-eabi/7.2.1/../../../../arm-none-eabi/lib/thumb/v7e-m\libstdc++_nano.a
LOAD d:/imt_sdk_win_64/winarm/armgcc/bin/../lib/gcc/arm-none-eabi/7.2.1/../../../../arm-none-eabi/lib/thumb/v7e-m\libm.a
START GROUP
LOAD d:/imt_sdk_win_64/winarm/armgcc/bin/../lib/gcc/arm-none-eabi/7.2.1/thumb/v7e-m\libgcc.a
LOAD d:/imt_sdk_win_64/winarm/armgcc/bin/../lib/gcc/arm-none-eabi/7.2.1/../../../../arm-none-eabi/lib/thumb/v7e-m\libg_nano.a
LOAD d:/imt_sdk_win_64/winarm/armgcc/bin/../lib/gcc/arm-none-eabi/7.2.1/../../../../arm-none-eabi/lib/thumb/v7e-m\libc_nano.a
END GROUP
START GROUP
LOAD d:/imt_sdk_win_64/winarm/armgcc/bin/../lib/gcc/arm-none-eabi/7.2.1/thumb/v7e-m\libgcc.a
LOAD d:/imt_sdk_win_64/winarm/armgcc/bin/../lib/gcc/arm-none-eabi/7.2.1/../../../../arm-none-eabi/lib/thumb/v7e-m\libc_nano.a
END GROUP
                0x20010000                __stack = (ORIGIN (RAM) + LENGTH (RAM))
                0x20010000                _estack = __stack
                0x00000400                __Main_Stack_Size = 0x400
                [!provide]                PROVIDE (_Main_Stack_Size, __Main_Stack_Size)
                0x2000fc00                __Main_Stack_Limit = (__stack - __Main_Stack_Size)
                [!provide]                PROVIDE (_Main_Stack_Limit, __Main_Stack_Limit)
                0x00000100                _Minimum_Stack_Size = 0x100
                0x2000026c                PROVIDE (_Heap_Begin, _end_noinit)
                0x2000fc00                PROVIDE (_Heap_Limit, (__stack - __Main_Stack_Size))

.isr_vector     0x08000000      0x3f4
 FILL mask 0xff
                0x08000000                __vectors_start = ABSOLUTE (.)
                0x08000000                __vectors_start__ = ABSOLUTE (.)
 *(.isr_vector)
 .isr_vector    0x08000000      0x194 ./system/src/cmsis/vectors_stm32f401xc.o
                0x08000000                __isr_vectors
 *(.cfmconfig)
 *(.after_vectors .after_vectors.*)
 .after_vectors
                0x08000194      0x130 ./system/src/newlib/_startup.o
                0x08000194                _start
 .after_vectors
                0x080002c4      0x12c ./system/src/cortexm/exception_handlers.o
                0x080002c4                Reset_Handler
                0x080002ca                NMI_Handler
                0x080002ce                HardFault_Handler
                0x080002e2                HardFault_Handler_C
                0x08000340                MemManage_Handler
                0x08000344                BusFault_Handler
                0x08000358                BusFault_Handler_C
                0x0800038c                UsageFault_Handler
                0x080003a0                UsageFault_Handler_C
                0x080003d4                SVC_Handler
                0x080003d8                DebugMon_Handler
                0x080003dc                PendSV_Handler
 .after_vectors
                0x080003f0        0x4 ./system/src/cmsis/vectors_stm32f401xc.o
                0x080003f0                RTC_Alarm_IRQHandler
                0x080003f0                EXTI2_IRQHandler
                0x080003f0                SPI4_IRQHandler
                0x080003f0                TIM1_CC_IRQHandler
                0x080003f0                DMA2_Stream5_IRQHandler
                0x080003f0                DMA1_Stream5_IRQHandler
                0x080003f0                PVD_IRQHandler
                0x080003f0                SDIO_IRQHandler
                0x080003f0                TAMP_STAMP_IRQHandler
                0x080003f0                EXTI3_IRQHandler
                0x080003f0                TIM1_UP_TIM10_IRQHandler
                0x080003f0                I2C3_ER_IRQHandler
                0x080003f0                EXTI0_IRQHandler
                0x080003f0                I2C2_EV_IRQHandler
                0x080003f0                DMA1_Stream2_IRQHandler
                0x080003f0                FPU_IRQHandler
                0x080003f0                DMA2_Stream2_IRQHandler
                0x080003f0                SPI1_IRQHandler
                0x080003f0                TIM1_BRK_TIM9_IRQHandler
                0x080003f0                DMA2_Stream3_IRQHandler
                0x080003f0                USART6_IRQHandler
                0x080003f0                DMA2_Stream0_IRQHandler
                0x080003f0                TIM4_IRQHandler
                0x080003f0                I2C1_EV_IRQHandler
                0x080003f0                DMA1_Stream6_IRQHandler
                0x080003f0                DMA1_Stream1_IRQHandler
                0x080003f0                TIM3_IRQHandler
                0x080003f0                RCC_IRQHandler
                0x080003f0                Default_Handler
                0x080003f0                EXTI15_10_IRQHandler
                0x080003f0                ADC_IRQHandler
                0x080003f0                DMA1_Stream7_IRQHandler
                0x080003f0                TIM5_IRQHandler
                0x080003f0                DMA2_Stream7_IRQHandler
                0x080003f0                I2C3_EV_IRQHandler
                0x080003f0                EXTI9_5_IRQHandler
                0x080003f0                RTC_WKUP_IRQHandler
                0x080003f0                SPI2_IRQHandler
                0x080003f0                DMA1_Stream0_IRQHandler
                0x080003f0                EXTI4_IRQHandler
                0x080003f0                WWDG_IRQHandler
                0x080003f0                TIM2_IRQHandler
                0x080003f0                OTG_FS_WKUP_IRQHandler
                0x080003f0                TIM1_TRG_COM_TIM11_IRQHandler
                0x080003f0                EXTI1_IRQHandler
                0x080003f0                USART2_IRQHandler
                0x080003f0                I2C2_ER_IRQHandler
                0x080003f0                DMA2_Stream1_IRQHandler
                0x080003f0                FLASH_IRQHandler
                0x080003f0                DMA2_Stream4_IRQHandler
                0x080003f0                USART1_IRQHandler
                0x080003f0                OTG_FS_IRQHandler
                0x080003f0                SPI3_IRQHandler
                0x080003f0                DMA1_Stream4_IRQHandler
                0x080003f0                I2C1_ER_IRQHandler
                0x080003f0                DMA2_Stream6_IRQHandler
                0x080003f0                DMA1_Stream3_IRQHandler

.inits          0x080003f4       0x28
                0x080003f4                __data_regions_array_start = .
                0x080003f4        0x4 LONG 0x8002f34 LOADADDR (.data)
                0x080003f8        0x4 LONG 0x20000000 ADDR (.data)
                0x080003fc        0x4 LONG 0x2000008c (ADDR (.data) + SIZEOF (.data))
                0x08000400        0x4 LONG 0x8002f34 LOADADDR (.data_CCMRAM)
                0x08000404        0x4 LONG 0x10000000 ADDR (.data_CCMRAM)
                0x08000408        0x4 LONG 0x10000000 (ADDR (.data_CCMRAM) + SIZEOF (.data_CCMRAM))
                0x0800040c                __data_regions_array_end = .
                0x0800040c                __bss_regions_array_start = .
                0x0800040c        0x4 LONG 0x2000008c ADDR (.bss)
                0x08000410        0x4 LONG 0x2000026c (ADDR (.bss) + SIZEOF (.bss))
                0x08000414        0x4 LONG 0x10000000 ADDR (.bss_CCMRAM)
                0x08000418        0x4 LONG 0x10000000 (ADDR (.bss_CCMRAM) + SIZEOF (.bss_CCMRAM))
                0x0800041c                __bss_regions_array_end = .
 *(.init)
 *(.fini)
                0x0800041c                . = ALIGN (0x4)
                0x0800041c                PROVIDE (__preinit_array_start, .)
 *(.preinit_array_sysinit .preinit_array_sysinit.*)
 *(.preinit_array_platform .preinit_array_platform.*)
 *(.preinit_array .preinit_array.*)
                0x0800041c                PROVIDE (__preinit_array_end, .)
                0x0800041c                . = ALIGN (0x4)
                0x0800041c                PROVIDE (__init_array_start, .)
 *(SORT_BY_NAME(.init_array.*))
 *(.init_array)
                0x0800041c                PROVIDE (__init_array_end, .)
                0x0800041c                . = ALIGN (0x4)
                0x0800041c                PROVIDE (__fini_array_start, .)
 *(SORT_BY_NAME(.fini_array.*))
 *(.fini_array)
                0x0800041c                PROVIDE (__fini_array_end, .)

.flashtext
 *(.flashtext .flashtext.*)

.text           0x08000420     0x2b13
 *(.text .text.*)
 .text._exit    0x08000420        0x2 ./system/src/newlib/_exit.o
                0x08000420                _exit
 *fill*         0x08000422        0x2 
 .text._sbrk    0x08000424       0x44 ./system/src/newlib/_sbrk.o
                0x08000424                _sbrk
 .text.__initialize_args
                0x08000468       0x10 ./system/src/newlib/_syscalls.o
                0x08000468                __initialize_args
 .text.trace_printf
                0x08000478       0x30 ./system/src/diag/Trace.o
                0x08000478                trace_printf
 .text._trace_write_semihosting_debug
                0x080004a8       0x60 ./system/src/diag/trace_impl.o
 .text.trace_write
                0x08000508        0x8 ./system/src/diag/trace_impl.o
                0x08000508                trace_write
 .text.__initialize_hardware_early
                0x08000510       0x18 ./system/src/cortexm/_initialize_hardware.o
                0x08000510                __initialize_hardware_early
 .text.__initialize_hardware
                0x08000528        0x8 ./system/src/cortexm/_initialize_hardware.o
                0x08000528                __initialize_hardware
 .text.dumpExceptionStack
                0x08000530       0xf4 ./system/src/cortexm/exception_handlers.o
                0x08000530                dumpExceptionStack
 .text.isSemihosting
                0x08000624       0x20 ./system/src/cortexm/exception_handlers.o
                0x08000624                isSemihosting
 .text.SystemInit
                0x08000644       0x40 ./system/src/cmsis/system_stm32f4xx.o
                0x08000644                SystemInit
 .text.SystemCoreClockUpdate
                0x08000684       0xa0 ./system/src/cmsis/system_stm32f4xx.o
                0x08000684                SystemCoreClockUpdate
 .text.APARSER_ParseAscii2Hex
                0x08000724       0x22 ./src/SERVICES/PARSING/HEX_PARSE.o
                0x08000724                APARSER_ParseAscii2Hex
 *fill*         0x08000746        0x2 
 .text.APAESER_voidParseData
                0x08000748       0xbc ./src/SERVICES/PARSING/HEX_PARSE.o
                0x08000748                APAESER_voidParseData
 .text.APARSER_u8VerifyChecksum
                0x08000804       0x7a ./src/SERVICES/PARSING/HEX_PARSE.o
                0x08000804                APARSER_u8VerifyChecksum
 *fill*         0x0800087e        0x2 
 .text.APARSER_voidParseHighAddress
                0x08000880       0x58 ./src/SERVICES/PARSING/HEX_PARSE.o
                0x08000880                APARSER_voidParseHighAddress
 .text.APARSER_voidParseRecord
                0x080008d8       0x1a ./src/SERVICES/PARSING/HEX_PARSE.o
                0x080008d8                APARSER_voidParseRecord
 *fill*         0x080008f2        0x2 
 .text.MUSART1_voidInit
                0x080008f4       0x48 ./src/MCAL/USART/USART_pro.o
                0x080008f4                MUSART1_voidInit
 .text.MUSART1_voidTransmitData
                0x0800093c       0x24 ./src/MCAL/USART/USART_pro.o
                0x0800093c                MUSART1_voidTransmitData
 .text.MUSART1_u8ReceiveData
                0x08000960       0x1c ./src/MCAL/USART/USART_pro.o
                0x08000960                MUSART1_u8ReceiveData
 .text.MUSART1_voidEnable
                0x0800097c       0x20 ./src/MCAL/USART/USART_pro.o
                0x0800097c                MUSART1_voidEnable
 .text.MSPI_voidInit
                0x0800099c       0x4c ./src/MCAL/SPI/SPI_program.o
                0x0800099c                MSPI_voidInit
 .text.MSPI1_voidSendDataU8
                0x080009e8       0x1c ./src/MCAL/SPI/SPI_program.o
                0x080009e8                MSPI1_voidSendDataU8
 .text.MRCC_voidInit
                0x08000a04       0x2c ./src/MCAL/RCC/RCC_program.o
                0x08000a04                MRCC_voidInit
 .text.MRCC_voidEnablePeripheralClock
                0x08000a30       0x54 ./src/MCAL/RCC/RCC_program.o
                0x08000a30                MRCC_voidEnablePeripheralClock
 .text.MSTK_voidInit
                0x08000a84       0x18 ./src/MCAL/MSTK/MSTK_Prog.o
                0x08000a84                MSTK_voidInit
 .text.MSTK_voidSetBusyWait
                0x08000a9c       0x30 ./src/MCAL/MSTK/MSTK_Prog.o
                0x08000a9c                MSTK_voidSetBusyWait
 .text.SysTick_Handler
                0x08000acc       0x5c ./src/MCAL/MSTK/MSTK_Prog.o
                0x08000acc                SysTick_Handler
 .text.MGPIO_voidSetPinMode
                0x08000b28       0x6c ./src/MCAL/GPIO/GPIO_program.o
                0x08000b28                MGPIO_voidSetPinMode
 .text.MGPIO_voidSetOutputMode
                0x08000b94       0x50 ./src/MCAL/GPIO/GPIO_program.o
                0x08000b94                MGPIO_voidSetOutputMode
 .text.MGPIO_voidSetOutputSpeed
                0x08000be4       0x5c ./src/MCAL/GPIO/GPIO_program.o
                0x08000be4                MGPIO_voidSetOutputSpeed
 .text.MGPIO_voidSetPullState
                0x08000c40       0x5c ./src/MCAL/GPIO/GPIO_program.o
                0x08000c40                MGPIO_voidSetPullState
 .text.MGPIO_voidGetPinValue
                0x08000c9c       0x4c ./src/MCAL/GPIO/GPIO_program.o
                0x08000c9c                MGPIO_voidGetPinValue
 .text.MGPIO_voidSetPinValue
                0x08000ce8       0xac ./src/MCAL/GPIO/GPIO_program.o
                0x08000ce8                MGPIO_voidSetPinValue
 .text.MGPIO_voidSetPinAltFun
                0x08000d94       0xa8 ./src/MCAL/GPIO/GPIO_program.o
                0x08000d94                MGPIO_voidSetPinAltFun
 .text.MFDI_voidEraseSector
                0x08000e3c       0x70 ./src/MCAL/FLASH_DRIVER/FLASH_pro.o
                0x08000e3c                MFDI_voidEraseSector
 .text.MFDI_voidFlashWrite
                0x08000eac       0x88 ./src/MCAL/FLASH_DRIVER/FLASH_pro.o
                0x08000eac                MFDI_voidFlashWrite
 .text.Reset_Seq
                0x08000f34       0x58 ./src/HAL/TFT/TFT_Prog.o
                0x08000f34                Reset_Seq
 .text.Send_Command
                0x08000f8c       0x16 ./src/HAL/TFT/TFT_Prog.o
                0x08000f8c                Send_Command
 .text.Send_Data
                0x08000fa2       0x16 ./src/HAL/TFT/TFT_Prog.o
                0x08000fa2                Send_Data
 .text.HTFT_voidinit
                0x08000fb8       0x28 ./src/HAL/TFT/TFT_Prog.o
                0x08000fb8                HTFT_voidinit
 .text.HTFT_voidSetXPos
                0x08000fe0       0x38 ./src/HAL/TFT/TFT_Prog.o
                0x08000fe0                HTFT_voidSetXPos
 .text.HTFT_voidSetYPos
                0x08001018       0x38 ./src/HAL/TFT/TFT_Prog.o
                0x08001018                HTFT_voidSetYPos
 .text.HTFT_DisplayData
                0x08001050       0x1a ./src/HAL/TFT/TFT_Prog.o
                0x08001050                HTFT_DisplayData
 *fill*         0x0800106a        0x2 
 .text.HTFT_voidFillRectangle
                0x0800106c       0x58 ./src/HAL/TFT/TFT_Prog.o
                0x0800106c                HTFT_voidFillRectangle
 .text.HTFT_voidFillBackground
                0x080010c4       0x24 ./src/HAL/TFT/TFT_Prog.o
                0x080010c4                HTFT_voidFillBackground
 .text.HTFT_voidSendChar
                0x080010e8       0xbc ./src/HAL/TFT/TFT_Prog.o
                0x080010e8                HTFT_voidSendChar
 .text.HTFT_voidSendString
                0x080011a4       0x62 ./src/HAL/TFT/TFT_Prog.o
                0x080011a4                HTFT_voidSendString
 .text.HTFT_voidSleepOut
                0x08001206        0xa ./src/HAL/TFT/TFT_Prog.o
                0x08001206                HTFT_voidSleepOut
 .text.APP_SECTION_1
                0x08001210       0x84 ./src/main.o
                0x08001210                APP_SECTION_1
 .text.main     0x08001294      0x19c ./src/main.o
                0x08001294                main
 .text.Main_voidInit
                0x08001430      0x136 ./src/main_Interface.o
                0x08001430                Main_voidInit
 *fill*         0x08001566        0x2 
 .text.writeBootLoaderModeInTFT
                0x08001568       0x40 ./src/main_TFT.o
                0x08001568                writeBootLoaderModeInTFT
 .text.writeFLASHINGModeInTFT
                0x080015a8       0x40 ./src/main_TFT.o
                0x080015a8                writeFLASHINGModeInTFT
 .text.writeFLASHING_DONE
                0x080015e8       0x40 ./src/main_TFT.o
                0x080015e8                writeFLASHING_DONE
 .text.Switch_To_Main_APP
                0x08001628       0x40 ./src/main_TFT.o
                0x08001628                Switch_To_Main_APP
 .text.Switch_To_Backup_APP
                0x08001668       0x40 ./src/main_TFT.o
                0x08001668                Switch_To_Backup_APP
 .text.ErrorInHex
                0x080016a8       0x54 ./src/main_TFT.o
                0x080016a8                ErrorInHex
 .text.__errno  0x080016fc        0xc d:/imt_sdk_win_64/winarm/armgcc/bin/../lib/gcc/arm-none-eabi/7.2.1/../../../../arm-none-eabi/lib/thumb/v7e-m\libg_nano.a(lib_a-errno.o)
                0x080016fc                __errno
 .text._vsnprintf_r
                0x08001708       0x58 d:/imt_sdk_win_64/winarm/armgcc/bin/../lib/gcc/arm-none-eabi/7.2.1/../../../../arm-none-eabi/lib/thumb/v7e-m\libg_nano.a(lib_a-vsnprintf.o)
                0x08001708                _vsniprintf_r
                0x08001708                _vsnprintf_r
 .text.vsnprintf
                0x08001760       0x1c d:/imt_sdk_win_64/winarm/armgcc/bin/../lib/gcc/arm-none-eabi/7.2.1/../../../../arm-none-eabi/lib/thumb/v7e-m\libg_nano.a(lib_a-vsnprintf.o)
                0x08001760                vsniprintf
                0x08001760                vsnprintf
 .text.__ssputs_r
                0x0800177c       0xb4 d:/imt_sdk_win_64/winarm/armgcc/bin/../lib/gcc/arm-none-eabi/7.2.1/../../../../arm-none-eabi/lib/thumb/v7e-m\libg_nano.a(lib_a-nano-svfprintf.o)
                0x0800177c                __ssputs_r
 .text._svfprintf_r
                0x08001830      0x1ec d:/imt_sdk_win_64/winarm/armgcc/bin/../lib/gcc/arm-none-eabi/7.2.1/../../../../arm-none-eabi/lib/thumb/v7e-m\libg_nano.a(lib_a-nano-svfprintf.o)
                0x08001830                _svfiprintf_r
                0x08001830                _svfprintf_r
 .text._printf_common
                0x08001a1c       0xea d:/imt_sdk_win_64/winarm/armgcc/bin/../lib/gcc/arm-none-eabi/7.2.1/../../../../arm-none-eabi/lib/thumb/v7e-m\libg_nano.a(lib_a-nano-vfprintf_i.o)
                0x08001a1c                _printf_common
 *fill*         0x08001b06        0x2 
 .text._printf_i
                0x08001b08      0x224 d:/imt_sdk_win_64/winarm/armgcc/bin/../lib/gcc/arm-none-eabi/7.2.1/../../../../arm-none-eabi/lib/thumb/v7e-m\libg_nano.a(lib_a-nano-vfprintf_i.o)
                0x08001b08                _printf_i
 *fill*         0x08001d2c        0x4 
 .text          0x08001d30       0xa0 d:/imt_sdk_win_64/winarm/armgcc/bin/../lib/gcc/arm-none-eabi/7.2.1/../../../../arm-none-eabi/lib/thumb/v7e-m\libg_nano.a(lib_a-memchr.o)
                0x08001d30                memchr
 .text.memcpy   0x08001dd0       0x16 d:/imt_sdk_win_64/winarm/armgcc/bin/../lib/gcc/arm-none-eabi/7.2.1/../../../../arm-none-eabi/lib/thumb/v7e-m\libg_nano.a(lib_a-memcpy-stub.o)
                0x08001dd0                memcpy
 .text.memmove  0x08001de6       0x32 d:/imt_sdk_win_64/winarm/armgcc/bin/../lib/gcc/arm-none-eabi/7.2.1/../../../../arm-none-eabi/lib/thumb/v7e-m\libg_nano.a(lib_a-memmove.o)
                0x08001de6                memmove
 .text._free_r  0x08001e18       0x9c d:/imt_sdk_win_64/winarm/armgcc/bin/../lib/gcc/arm-none-eabi/7.2.1/../../../../arm-none-eabi/lib/thumb/v7e-m\libg_nano.a(lib_a-nano-freer.o)
                0x08001e18                _free_r
 .text._malloc_r
                0x08001eb4       0xb4 d:/imt_sdk_win_64/winarm/armgcc/bin/../lib/gcc/arm-none-eabi/7.2.1/../../../../arm-none-eabi/lib/thumb/v7e-m\libg_nano.a(lib_a-nano-mallocr.o)
                0x08001eb4                _malloc_r
 .text._realloc_r
                0x08001f68       0x4c d:/imt_sdk_win_64/winarm/armgcc/bin/../lib/gcc/arm-none-eabi/7.2.1/../../../../arm-none-eabi/lib/thumb/v7e-m\libg_nano.a(lib_a-nano-reallocr.o)
                0x08001f68                _realloc_r
 .text._sbrk_r  0x08001fb4       0x20 d:/imt_sdk_win_64/winarm/armgcc/bin/../lib/gcc/arm-none-eabi/7.2.1/../../../../arm-none-eabi/lib/thumb/v7e-m\libg_nano.a(lib_a-sbrkr.o)
                0x08001fb4                _sbrk_r
 .text.__malloc_lock
                0x08001fd4        0x2 d:/imt_sdk_win_64/winarm/armgcc/bin/../lib/gcc/arm-none-eabi/7.2.1/../../../../arm-none-eabi/lib/thumb/v7e-m\libg_nano.a(lib_a-mlock.o)
                0x08001fd4                __malloc_lock
 .text.__malloc_unlock
                0x08001fd6        0x2 d:/imt_sdk_win_64/winarm/armgcc/bin/../lib/gcc/arm-none-eabi/7.2.1/../../../../arm-none-eabi/lib/thumb/v7e-m\libg_nano.a(lib_a-mlock.o)
                0x08001fd6                __malloc_unlock
 .text._malloc_usable_size_r
                0x08001fd8       0x10 d:/imt_sdk_win_64/winarm/armgcc/bin/../lib/gcc/arm-none-eabi/7.2.1/../../../../arm-none-eabi/lib/thumb/v7e-m\libg_nano.a(lib_a-nano-msizer.o)
                0x08001fd8                _malloc_usable_size_r
 *(.rodata .rodata.* .constdata .constdata.*)
 .rodata.dumpExceptionStack.str1.4
                0x08001fe8      0x11a ./system/src/cortexm/exception_handlers.o
 *fill*         0x08002102        0x2 
 .rodata.str1.4
                0x08002104       0x2a ./system/src/cortexm/exception_handlers.o
 *fill*         0x0800212e        0x2 
 .rodata.AHBPrescTable
                0x08002130       0x10 ./system/src/cmsis/system_stm32f4xx.o
                0x08002130                AHBPrescTable
 .rodata.Font11x18
                0x08002140      0xd5c ./src/HAL/TFT/Fonts1.o
 .rodata.main.str1.4
                0x08002e9c        0x3 ./src/main.o
 *fill*         0x08002e9f        0x1 
 .rodata.ErrorInHex.str1.4
                0x08002ea0       0x14 ./src/main_TFT.o
 .rodata.Switch_To_Backup_APP.str1.4
                0x08002eb4        0xa ./src/main_TFT.o
 *fill*         0x08002ebe        0x2 
 .rodata.Switch_To_Main_APP.str1.4
                0x08002ec0       0x18 ./src/main_TFT.o
 .rodata.writeBootLoaderModeInTFT.str1.4
                0x08002ed8       0x11 ./src/main_TFT.o
 *fill*         0x08002ee9        0x3 
 .rodata.writeFLASHINGModeInTFT.str1.4
                0x08002eec        0x9 ./src/main_TFT.o
 *fill*         0x08002ef5        0x3 
 .rodata.writeFLASHING_DONE.str1.4
                0x08002ef8        0x8 ./src/main_TFT.o
                                  0x5 (size before relaxing)
 .rodata._svfprintf_r.str1.1
                0x08002f00       0x11 d:/imt_sdk_win_64/winarm/armgcc/bin/../lib/gcc/arm-none-eabi/7.2.1/../../../../arm-none-eabi/lib/thumb/v7e-m\libg_nano.a(lib_a-nano-svfprintf.o)
 .rodata._printf_i.str1.1
                0x08002f11       0x22 d:/imt_sdk_win_64/winarm/armgcc/bin/../lib/gcc/arm-none-eabi/7.2.1/../../../../arm-none-eabi/lib/thumb/v7e-m\libg_nano.a(lib_a-nano-vfprintf_i.o)
 *(vtable)
 *(.eh_frame*)
 *(.glue_7)
 .glue_7        0x08002f33        0x0 linker stubs
 *(.glue_7t)
 .glue_7t       0x08002f33        0x0 linker stubs

.vfp11_veneer   0x08002f34        0x0
 .vfp11_veneer  0x08002f34        0x0 linker stubs

.v4_bx          0x08002f34        0x0
 .v4_bx         0x08002f34        0x0 linker stubs

.iplt           0x08002f34        0x0
 .iplt          0x08002f34        0x0 ./system/src/newlib/_exit.o

.rel.dyn        0x08002f34        0x0
 .rel.iplt      0x08002f34        0x0 ./system/src/newlib/_exit.o

.ARM.extab
 *(.ARM.extab* .gnu.linkonce.armextab.*)
                0x08002f34                . = ALIGN (0x4)
                0x08002f34                __exidx_start = .

.ARM.exidx
 *(.ARM.exidx* .gnu.linkonce.armexidx.*)
                0x08002f34                __exidx_end = .
                0x08002f34                . = ALIGN (0x4)
                0x08002f34                _etext = .
                0x08002f34                __etext = .

.data_CCMRAM    0x10000000        0x0 load address 0x08002f34
 FILL mask 0xff
 *(.data.CCMRAM .data.CCMRAM.*)
                0x10000000                . = ALIGN (0x4)
                0x08002f34                _sidata = LOADADDR (.data)

.data           0x20000000       0x8c load address 0x08002f34
 FILL mask 0xff
                0x20000000                _sdata = .
                0x20000000                __data_start__ = .
 *(.data_begin .data_begin.*)
 .data_begin    0x20000000        0x4 ./system/src/newlib/_startup.o
 *(.data .data.*)
 .data.argv.4310
                0x20000004        0x8 ./system/src/newlib/_syscalls.o
 .data.SystemCoreClock
                0x2000000c        0x4 ./system/src/cmsis/system_stm32f4xx.o
                0x2000000c                SystemCoreClock
 .data.FLASH_ADDRESS
                0x20000010        0x4 ./src/SERVICES/PARSING/HEX_PARSE.o
                0x20000010                FLASH_ADDRESS
 .data.Frist_FLASH_ADDRESS
                0x20000014        0x4 ./src/SERVICES/PARSING/HEX_PARSE.o
                0x20000014                Frist_FLASH_ADDRESS
 .data.Font_11x18
                0x20000018        0x8 ./src/HAL/TFT/Fonts1.o
                0x20000018                Font_11x18
 .data.u8UPdateRequest
                0x20000020        0x1 ./src/main.o
                0x20000020                u8UPdateRequest
 .data.u8WriteReq
                0x20000021        0x1 ./src/main.o
                0x20000021                u8WriteReq
 *fill*         0x20000022        0x2 ff
 .data._impure_ptr
                0x20000024        0x4 d:/imt_sdk_win_64/winarm/armgcc/bin/../lib/gcc/arm-none-eabi/7.2.1/../../../../arm-none-eabi/lib/thumb/v7e-m\libg_nano.a(lib_a-impure.o)
                0x20000024                _impure_ptr
 .data.impure_data
                0x20000028       0x60 d:/imt_sdk_win_64/winarm/armgcc/bin/../lib/gcc/arm-none-eabi/7.2.1/../../../../arm-none-eabi/lib/thumb/v7e-m\libg_nano.a(lib_a-impure.o)
 *(.data_end .data_end.*)
 .data_end      0x20000088        0x4 ./system/src/newlib/_startup.o
                0x2000008c                . = ALIGN (0x4)
                0x2000008c                _edata = .
                0x2000008c                __data_end__ = .

.igot.plt       0x2000008c        0x0 load address 0x08002fc0
 .igot.plt      0x2000008c        0x0 ./system/src/newlib/_exit.o

.bss_CCMRAM     0x10000000        0x0
 *(.bss.CCMRAM .bss.CCMRAM.*)

.bss            0x2000008c      0x1e0
                0x2000008c                __bss_start__ = .
                0x2000008c                _sbss = .
 *(.bss_begin .bss_begin.*)
 .bss_begin     0x2000008c        0x4 ./system/src/newlib/_startup.o
 *(.bss .bss.*)
 .bss.current_heap_end.3961
                0x20000090        0x4 ./system/src/newlib/_sbrk.o
 .bss.name.4309
                0x20000094        0x1 ./system/src/newlib/_syscalls.o
 *fill*         0x20000095        0x3 
 .bss.buf.5205  0x20000098       0x80 ./system/src/diag/Trace.o
 .bss.Flag      0x20000118        0x1 ./src/MCAL/MSTK/MSTK_Prog.o
 *fill*         0x20000119        0x3 
 .bss.SYSTIC_INT
                0x2000011c        0x4 ./src/MCAL/MSTK/MSTK_Prog.o
 .bss.Bg_Color  0x20000120        0x2 ./src/HAL/TFT/TFT_Prog.o
                0x20000120                Bg_Color
 .bss.x_end     0x20000122        0x1 ./src/HAL/TFT/TFT_Prog.o
                0x20000122                x_end
 .bss.x_start   0x20000123        0x1 ./src/HAL/TFT/TFT_Prog.o
                0x20000123                x_start
 .bss.y_end     0x20000124        0x1 ./src/HAL/TFT/TFT_Prog.o
                0x20000124                y_end
 .bss.y_start   0x20000125        0x1 ./src/HAL/TFT/TFT_Prog.o
                0x20000125                y_start
 *fill*         0x20000126        0x2 
 .bss.ADD_TO_CALL_1
                0x20000128        0x4 ./src/main.o
                0x20000128                ADD_TO_CALL_1
 .bss.u8RecCounter
                0x2000012c        0x1 ./src/main.o
                0x2000012c                u8RecCounter
 .bss.u8_TimeoutFlag
                0x2000012d        0x1 ./src/main.o
                0x2000012d                u8_TimeoutFlag
 *fill*         0x2000012e        0x2 
 .bss.__malloc_free_list
                0x20000130        0x4 d:/imt_sdk_win_64/winarm/armgcc/bin/../lib/gcc/arm-none-eabi/7.2.1/../../../../arm-none-eabi/lib/thumb/v7e-m\libg_nano.a(lib_a-nano-mallocr.o)
                0x20000130                __malloc_free_list
 .bss.__malloc_sbrk_start
                0x20000134        0x4 d:/imt_sdk_win_64/winarm/armgcc/bin/../lib/gcc/arm-none-eabi/7.2.1/../../../../arm-none-eabi/lib/thumb/v7e-m\libg_nano.a(lib_a-nano-mallocr.o)
                0x20000134                __malloc_sbrk_start
 *(COMMON)
 COMMON         0x20000138        0x4 ./system/src/newlib/_syscalls.o
                0x20000138                errno
 COMMON         0x2000013c       0xc8 ./src/SERVICES/PARSING/HEX_PARSE.o
                0x2000013c                DataBUF
 COMMON         0x20000204       0x64 ./src/main.o
                0x20000204                RecieveBuffer
 *(.bss_end .bss_end.*)
 .bss_end       0x20000268        0x4 ./system/src/newlib/_startup.o
                0x2000026c                . = ALIGN (0x4)
                0x2000026c                __bss_end__ = .
                0x2000026c                _ebss = .

.noinit_CCMRAM
 *(.noinit.CCMRAM .noinit.CCMRAM.*)

.noinit         0x2000026c        0x0
                0x2000026c                _noinit = .
 *(.noinit .noinit.*)
                0x2000026c                . = ALIGN (0x4)
                0x2000026c                _end_noinit = .
                [!provide]                PROVIDE (end, _end_noinit)
                [!provide]                PROVIDE (_end, _end_noinit)
                [!provide]                PROVIDE (__end, _end_noinit)
                [!provide]                PROVIDE (__end__, _end_noinit)

._check_stack   0x2000026c      0x100
                0x2000036c                . = (. + _Minimum_Stack_Size)
 *fill*         0x2000026c      0x100 

.b1text
 *(.b1text)
 *(.b1rodata)
 *(.b1rodata.*)

.eb0text
 *(.eb0text)
 *(.eb0rodata)
 *(.eb0rodata.*)

.eb1text
 *(.eb1text)
 *(.eb1rodata)
 *(.eb1rodata.*)

.eb2text
 *(.eb2text)
 *(.eb2rodata)
 *(.eb2rodata.*)

.eb3text
 *(.eb3text)
 *(.eb3rodata)
 *(.eb3rodata.*)

.stab
 *(.stab)

.stabstr
 *(.stabstr)

.stab.excl
 *(.stab.excl)

.stab.exclstr
 *(.stab.exclstr)

.stab.index
 *(.stab.index)

.stab.indexstr
 *(.stab.indexstr)

.comment        0x00000000       0x7e
 *(.comment)
 .comment       0x00000000       0x7e ./system/src/newlib/_exit.o
                                 0x7f (size before relaxing)
 .comment       0x0000007e       0x7f ./system/src/newlib/_sbrk.o
 .comment       0x0000007e       0x7f ./system/src/newlib/_startup.o
 .comment       0x0000007e       0x7f ./system/src/newlib/_syscalls.o
 .comment       0x0000007e       0x7f ./system/src/diag/Trace.o
 .comment       0x0000007e       0x7f ./system/src/diag/trace_impl.o
 .comment       0x0000007e       0x7f ./system/src/cortexm/_initialize_hardware.o
 .comment       0x0000007e       0x7f ./system/src/cortexm/exception_handlers.o
 .comment       0x0000007e       0x7f ./system/src/cmsis/system_stm32f4xx.o
 .comment       0x0000007e       0x7f ./system/src/cmsis/vectors_stm32f401xc.o
 .comment       0x0000007e       0x7f ./src/SERVICES/PARSING/HEX_PARSE.o
 .comment       0x0000007e       0x7f ./src/MCAL/USART/USART_pro.o
 .comment       0x0000007e       0x7f ./src/MCAL/SPI/SPI_program.o
 .comment       0x0000007e       0x7f ./src/MCAL/RCC/RCC_program.o
 .comment       0x0000007e       0x7f ./src/MCAL/MSTK/MSTK_Prog.o
 .comment       0x0000007e       0x7f ./src/MCAL/GPIO/GPIO_program.o
 .comment       0x0000007e       0x7f ./src/MCAL/FLASH_DRIVER/FLASH_pro.o
 .comment       0x0000007e       0x7f ./src/HAL/TFT/Fonts1.o
 .comment       0x0000007e       0x7f ./src/HAL/TFT/TFT_Prog.o
 .comment       0x0000007e       0x7f ./src/main.o
 .comment       0x0000007e       0x7f ./src/main_Interface.o
 .comment       0x0000007e       0x7f ./src/main_TFT.o

.ARM.attributes
                0x00000000       0x31
 .ARM.attributes
                0x00000000       0x33 ./system/src/newlib/_exit.o
 .ARM.attributes
                0x00000033       0x33 ./system/src/newlib/_sbrk.o
 .ARM.attributes
                0x00000066       0x33 ./system/src/newlib/_startup.o
 .ARM.attributes
                0x00000099       0x33 ./system/src/newlib/_syscalls.o
 .ARM.attributes
                0x000000cc       0x33 ./system/src/diag/Trace.o
 .ARM.attributes
                0x000000ff       0x33 ./system/src/diag/trace_impl.o
 .ARM.attributes
                0x00000132       0x33 ./system/src/cortexm/_initialize_hardware.o
 .ARM.attributes
                0x00000165       0x33 ./system/src/cortexm/exception_handlers.o
 .ARM.attributes
                0x00000198       0x33 ./system/src/cmsis/system_stm32f4xx.o
 .ARM.attributes
                0x000001cb       0x33 ./system/src/cmsis/vectors_stm32f401xc.o
 .ARM.attributes
                0x000001fe       0x33 ./src/SERVICES/PARSING/HEX_PARSE.o
 .ARM.attributes
                0x00000231       0x33 ./src/MCAL/USART/USART_pro.o
 .ARM.attributes
                0x00000264       0x33 ./src/MCAL/SPI/SPI_program.o
 .ARM.attributes
                0x00000297       0x33 ./src/MCAL/RCC/RCC_program.o
 .ARM.attributes
                0x000002ca       0x33 ./src/MCAL/MSTK/MSTK_Prog.o
 .ARM.attributes
                0x000002fd       0x33 ./src/MCAL/GPIO/GPIO_program.o
 .ARM.attributes
                0x00000330       0x33 ./src/MCAL/FLASH_DRIVER/FLASH_pro.o
 .ARM.attributes
                0x00000363       0x33 ./src/HAL/TFT/Fonts1.o
 .ARM.attributes
                0x00000396       0x33 ./src/HAL/TFT/TFT_Prog.o
 .ARM.attributes
                0x000003c9       0x33 ./src/main.o
 .ARM.attributes
                0x000003fc       0x33 ./src/main_Interface.o
 .ARM.attributes
                0x0000042f       0x33 ./src/main_TFT.o
 .ARM.attributes
                0x00000462       0x2e d:/imt_sdk_win_64/winarm/armgcc/bin/../lib/gcc/arm-none-eabi/7.2.1/../../../../arm-none-eabi/lib/thumb/v7e-m\libg_nano.a(lib_a-errno.o)
 .ARM.attributes
                0x00000490       0x2e d:/imt_sdk_win_64/winarm/armgcc/bin/../lib/gcc/arm-none-eabi/7.2.1/../../../../arm-none-eabi/lib/thumb/v7e-m\libg_nano.a(lib_a-impure.o)
 .ARM.attributes
                0x000004be       0x2e d:/imt_sdk_win_64/winarm/armgcc/bin/../lib/gcc/arm-none-eabi/7.2.1/../../../../arm-none-eabi/lib/thumb/v7e-m\libg_nano.a(lib_a-vsnprintf.o)
 .ARM.attributes
                0x000004ec       0x2e d:/imt_sdk_win_64/winarm/armgcc/bin/../lib/gcc/arm-none-eabi/7.2.1/../../../../arm-none-eabi/lib/thumb/v7e-m\libg_nano.a(lib_a-nano-svfprintf.o)
 .ARM.attributes
                0x0000051a       0x2e d:/imt_sdk_win_64/winarm/armgcc/bin/../lib/gcc/arm-none-eabi/7.2.1/../../../../arm-none-eabi/lib/thumb/v7e-m\libg_nano.a(lib_a-nano-vfprintf_i.o)
 .ARM.attributes
                0x00000548       0x1c d:/imt_sdk_win_64/winarm/armgcc/bin/../lib/gcc/arm-none-eabi/7.2.1/../../../../arm-none-eabi/lib/thumb/v7e-m\libg_nano.a(lib_a-memchr.o)
 .ARM.attributes
                0x00000564       0x2e d:/imt_sdk_win_64/winarm/armgcc/bin/../lib/gcc/arm-none-eabi/7.2.1/../../../../arm-none-eabi/lib/thumb/v7e-m\libg_nano.a(lib_a-memcpy-stub.o)
 .ARM.attributes
                0x00000592       0x2e d:/imt_sdk_win_64/winarm/armgcc/bin/../lib/gcc/arm-none-eabi/7.2.1/../../../../arm-none-eabi/lib/thumb/v7e-m\libg_nano.a(lib_a-memmove.o)
 .ARM.attributes
                0x000005c0       0x2e d:/imt_sdk_win_64/winarm/armgcc/bin/../lib/gcc/arm-none-eabi/7.2.1/../../../../arm-none-eabi/lib/thumb/v7e-m\libg_nano.a(lib_a-nano-freer.o)
 .ARM.attributes
                0x000005ee       0x2e d:/imt_sdk_win_64/winarm/armgcc/bin/../lib/gcc/arm-none-eabi/7.2.1/../../../../arm-none-eabi/lib/thumb/v7e-m\libg_nano.a(lib_a-nano-mallocr.o)
 .ARM.attributes
                0x0000061c       0x2e d:/imt_sdk_win_64/winarm/armgcc/bin/../lib/gcc/arm-none-eabi/7.2.1/../../../../arm-none-eabi/lib/thumb/v7e-m\libg_nano.a(lib_a-nano-reallocr.o)
 .ARM.attributes
                0x0000064a       0x2e d:/imt_sdk_win_64/winarm/armgcc/bin/../lib/gcc/arm-none-eabi/7.2.1/../../../../arm-none-eabi/lib/thumb/v7e-m\libg_nano.a(lib_a-sbrkr.o)
 .ARM.attributes
                0x00000678       0x2e d:/imt_sdk_win_64/winarm/armgcc/bin/../lib/gcc/arm-none-eabi/7.2.1/../../../../arm-none-eabi/lib/thumb/v7e-m\libg_nano.a(lib_a-mlock.o)
 .ARM.attributes
                0x000006a6       0x2e d:/imt_sdk_win_64/winarm/armgcc/bin/../lib/gcc/arm-none-eabi/7.2.1/../../../../arm-none-eabi/lib/thumb/v7e-m\libg_nano.a(lib_a-nano-msizer.o)

.debug
 *(.debug)

.line
 *(.line)

.debug_srcinfo
 *(.debug_srcinfo)

.debug_sfnames
 *(.debug_sfnames)

.debug_aranges  0x00000000      0x520
 *(.debug_aranges)
 .debug_aranges
                0x00000000       0x28 ./system/src/newlib/_exit.o
 .debug_aranges
                0x00000028       0x20 ./system/src/newlib/_sbrk.o
 .debug_aranges
                0x00000048       0x40 ./system/src/newlib/_startup.o
 .debug_aranges
                0x00000088       0x30 ./system/src/newlib/_syscalls.o
 .debug_aranges
                0x000000b8       0x38 ./system/src/diag/Trace.o
 .debug_aranges
                0x000000f0       0x30 ./system/src/diag/trace_impl.o
 .debug_aranges
                0x00000120       0x28 ./system/src/cortexm/_initialize_hardware.o
 .debug_aranges
                0x00000148       0x90 ./system/src/cortexm/exception_handlers.o
 .debug_aranges
                0x000001d8       0x28 ./system/src/cmsis/system_stm32f4xx.o
 .debug_aranges
                0x00000200       0x20 ./system/src/cmsis/vectors_stm32f401xc.o
 .debug_aranges
                0x00000220       0x40 ./src/SERVICES/PARSING/HEX_PARSE.o
 .debug_aranges
                0x00000260       0x48 ./src/MCAL/USART/USART_pro.o
 .debug_aranges
                0x000002a8       0x28 ./src/MCAL/SPI/SPI_program.o
 .debug_aranges
                0x000002d0       0x30 ./src/MCAL/RCC/RCC_program.o
 .debug_aranges
                0x00000300       0x58 ./src/MCAL/MSTK/MSTK_Prog.o
 .debug_aranges
                0x00000358       0x70 ./src/MCAL/GPIO/GPIO_program.o
 .debug_aranges
                0x000003c8       0x30 ./src/MCAL/FLASH_DRIVER/FLASH_pro.o
 .debug_aranges
                0x000003f8       0x18 ./src/HAL/TFT/Fonts1.o
 .debug_aranges
                0x00000410       0x80 ./src/HAL/TFT/TFT_Prog.o
 .debug_aranges
                0x00000490       0x28 ./src/main.o
 .debug_aranges
                0x000004b8       0x20 ./src/main_Interface.o
 .debug_aranges
                0x000004d8       0x48 ./src/main_TFT.o

.debug_pubnames
 *(.debug_pubnames)

.debug_info     0x00000000     0xef7e
 *(.debug_info .gnu.linkonce.wi.*)
 .debug_info    0x00000000      0x956 ./system/src/newlib/_exit.o
 .debug_info    0x00000956      0x942 ./system/src/newlib/_sbrk.o
 .debug_info    0x00001298      0x4bf ./system/src/newlib/_startup.o
 .debug_info    0x00001757      0xa19 ./system/src/newlib/_syscalls.o
 .debug_info    0x00002170      0xb2a ./system/src/diag/Trace.o
 .debug_info    0x00002c9a      0xb6b ./system/src/diag/trace_impl.o
 .debug_info    0x00003805      0xade ./system/src/cortexm/_initialize_hardware.o
 .debug_info    0x000042e3     0x115a ./system/src/cortexm/exception_handlers.o
 .debug_info    0x0000543d      0xcfe ./system/src/cmsis/system_stm32f4xx.o
 .debug_info    0x0000613b       0xca ./system/src/cmsis/vectors_stm32f401xc.o
 .debug_info    0x00006205      0xc20 ./src/SERVICES/PARSING/HEX_PARSE.o
 .debug_info    0x00006e25      0xb4f ./src/MCAL/USART/USART_pro.o
 .debug_info    0x00007974      0x97b ./src/MCAL/SPI/SPI_program.o
 .debug_info    0x000082ef      0xafe ./src/MCAL/RCC/RCC_program.o
 .debug_info    0x00008ded      0xa34 ./src/MCAL/MSTK/MSTK_Prog.o
 .debug_info    0x00009821      0xbff ./src/MCAL/GPIO/GPIO_program.o
 .debug_info    0x0000a420      0x9f3 ./src/MCAL/FLASH_DRIVER/FLASH_pro.o
 .debug_info    0x0000ae13      0x9a9 ./src/HAL/TFT/Fonts1.o
 .debug_info    0x0000b7bc     0x1184 ./src/HAL/TFT/TFT_Prog.o
 .debug_info    0x0000c940      0xcf1 ./src/main.o
 .debug_info    0x0000d631      0xd3d ./src/main_Interface.o
 .debug_info    0x0000e36e      0xc10 ./src/main_TFT.o

.debug_abbrev   0x00000000     0x2ed3
 *(.debug_abbrev)
 .debug_abbrev  0x00000000      0x1f3 ./system/src/newlib/_exit.o
 .debug_abbrev  0x000001f3      0x1fc ./system/src/newlib/_sbrk.o
 .debug_abbrev  0x000003ef      0x1cb ./system/src/newlib/_startup.o
 .debug_abbrev  0x000005ba      0x234 ./system/src/newlib/_syscalls.o
 .debug_abbrev  0x000007ee      0x276 ./system/src/diag/Trace.o
 .debug_abbrev  0x00000a64      0x2ef ./system/src/diag/trace_impl.o
 .debug_abbrev  0x00000d53      0x1de ./system/src/cortexm/_initialize_hardware.o
 .debug_abbrev  0x00000f31      0x32b ./system/src/cortexm/exception_handlers.o
 .debug_abbrev  0x0000125c      0x216 ./system/src/cmsis/system_stm32f4xx.o
 .debug_abbrev  0x00001472       0x9d ./system/src/cmsis/vectors_stm32f401xc.o
 .debug_abbrev  0x0000150f      0x288 ./src/SERVICES/PARSING/HEX_PARSE.o
 .debug_abbrev  0x00001797      0x269 ./src/MCAL/USART/USART_pro.o
 .debug_abbrev  0x00001a00      0x1d8 ./src/MCAL/SPI/SPI_program.o
 .debug_abbrev  0x00001bd8      0x1d6 ./src/MCAL/RCC/RCC_program.o
 .debug_abbrev  0x00001dae      0x228 ./src/MCAL/MSTK/MSTK_Prog.o
 .debug_abbrev  0x00001fd6      0x248 ./src/MCAL/GPIO/GPIO_program.o
 .debug_abbrev  0x0000221e      0x22a ./src/MCAL/FLASH_DRIVER/FLASH_pro.o
 .debug_abbrev  0x00002448      0x1ba ./src/HAL/TFT/Fonts1.o
 .debug_abbrev  0x00002602      0x295 ./src/HAL/TFT/TFT_Prog.o
 .debug_abbrev  0x00002897      0x247 ./src/main.o
 .debug_abbrev  0x00002ade      0x200 ./src/main_Interface.o
 .debug_abbrev  0x00002cde      0x1f5 ./src/main_TFT.o

.debug_line     0x00000000     0x69a0
 *(.debug_line)
 .debug_line    0x00000000      0x2f7 ./system/src/newlib/_exit.o
 .debug_line    0x000002f7      0x2ab ./system/src/newlib/_sbrk.o
 .debug_line    0x000005a2      0x373 ./system/src/newlib/_startup.o
 .debug_line    0x00000915      0x3ab ./system/src/newlib/_syscalls.o
 .debug_line    0x00000cc0      0x373 ./system/src/diag/Trace.o
 .debug_line    0x00001033      0xa67 ./system/src/diag/trace_impl.o
 .debug_line    0x00001a9a      0x9d0 ./system/src/cortexm/_initialize_hardware.o
 .debug_line    0x0000246a      0xb1e ./system/src/cortexm/exception_handlers.o
 .debug_line    0x00002f88      0x9d6 ./system/src/cmsis/system_stm32f4xx.o
 .debug_line    0x0000395e       0xec ./system/src/cmsis/vectors_stm32f401xc.o
 .debug_line    0x00003a4a      0x433 ./src/SERVICES/PARSING/HEX_PARSE.o
 .debug_line    0x00003e7d      0x3a5 ./src/MCAL/USART/USART_pro.o
 .debug_line    0x00004222      0x33f ./src/MCAL/SPI/SPI_program.o
 .debug_line    0x00004561      0x34e ./src/MCAL/RCC/RCC_program.o
 .debug_line    0x000048af      0x3bb ./src/MCAL/MSTK/MSTK_Prog.o
 .debug_line    0x00004c6a      0x439 ./src/MCAL/GPIO/GPIO_program.o
 .debug_line    0x000050a3      0x391 ./src/MCAL/FLASH_DRIVER/FLASH_pro.o
 .debug_line    0x00005434      0x2c7 ./src/HAL/TFT/Fonts1.o
 .debug_line    0x000056fb      0x56b ./src/HAL/TFT/TFT_Prog.o
 .debug_line    0x00005c66      0x511 ./src/main.o
 .debug_line    0x00006177      0x4b6 ./src/main_Interface.o
 .debug_line    0x0000662d      0x373 ./src/main_TFT.o

.debug_frame    0x00000000      0xd04
 *(.debug_frame)
 .debug_frame   0x00000000       0x38 ./system/src/newlib/_exit.o
 .debug_frame   0x00000038       0x28 ./system/src/newlib/_sbrk.o
 .debug_frame   0x00000060       0x7c ./system/src/newlib/_startup.o
 .debug_frame   0x000000dc       0x50 ./system/src/newlib/_syscalls.o
 .debug_frame   0x0000012c       0x94 ./system/src/diag/Trace.o
 .debug_frame   0x000001c0       0x64 ./system/src/diag/trace_impl.o
 .debug_frame   0x00000224       0x40 ./system/src/cortexm/_initialize_hardware.o
 .debug_frame   0x00000264      0x158 ./system/src/cortexm/exception_handlers.o
 .debug_frame   0x000003bc       0x30 ./system/src/cmsis/system_stm32f4xx.o
 .debug_frame   0x000003ec       0x20 ./system/src/cmsis/vectors_stm32f401xc.o
 .debug_frame   0x0000040c       0xa4 ./src/SERVICES/PARSING/HEX_PARSE.o
 .debug_frame   0x000004b0       0x70 ./src/MCAL/USART/USART_pro.o
 .debug_frame   0x00000520       0x30 ./src/MCAL/SPI/SPI_program.o
 .debug_frame   0x00000550       0x40 ./src/MCAL/RCC/RCC_program.o
 .debug_frame   0x00000590       0x98 ./src/MCAL/MSTK/MSTK_Prog.o
 .debug_frame   0x00000628       0xe8 ./src/MCAL/GPIO/GPIO_program.o
 .debug_frame   0x00000710       0x5c ./src/MCAL/FLASH_DRIVER/FLASH_pro.o
 .debug_frame   0x0000076c      0x198 ./src/HAL/TFT/TFT_Prog.o
 .debug_frame   0x00000904       0x40 ./src/main.o
 .debug_frame   0x00000944       0x28 ./src/main_Interface.o
 .debug_frame   0x0000096c       0xd0 ./src/main_TFT.o
 .debug_frame   0x00000a3c       0x20 d:/imt_sdk_win_64/winarm/armgcc/bin/../lib/gcc/arm-none-eabi/7.2.1/../../../../arm-none-eabi/lib/thumb/v7e-m\libg_nano.a(lib_a-errno.o)
 .debug_frame   0x00000a5c       0x4c d:/imt_sdk_win_64/winarm/armgcc/bin/../lib/gcc/arm-none-eabi/7.2.1/../../../../arm-none-eabi/lib/thumb/v7e-m\libg_nano.a(lib_a-vsnprintf.o)
 .debug_frame   0x00000aa8       0x90 d:/imt_sdk_win_64/winarm/armgcc/bin/../lib/gcc/arm-none-eabi/7.2.1/../../../../arm-none-eabi/lib/thumb/v7e-m\libg_nano.a(lib_a-nano-svfprintf.o)
 .debug_frame   0x00000b38       0x60 d:/imt_sdk_win_64/winarm/armgcc/bin/../lib/gcc/arm-none-eabi/7.2.1/../../../../arm-none-eabi/lib/thumb/v7e-m\libg_nano.a(lib_a-nano-vfprintf_i.o)
 .debug_frame   0x00000b98       0x28 d:/imt_sdk_win_64/winarm/armgcc/bin/../lib/gcc/arm-none-eabi/7.2.1/../../../../arm-none-eabi/lib/thumb/v7e-m\libg_nano.a(lib_a-memcpy-stub.o)
 .debug_frame   0x00000bc0       0x28 d:/imt_sdk_win_64/winarm/armgcc/bin/../lib/gcc/arm-none-eabi/7.2.1/../../../../arm-none-eabi/lib/thumb/v7e-m\libg_nano.a(lib_a-memmove.o)
 .debug_frame   0x00000be8       0x38 d:/imt_sdk_win_64/winarm/armgcc/bin/../lib/gcc/arm-none-eabi/7.2.1/../../../../arm-none-eabi/lib/thumb/v7e-m\libg_nano.a(lib_a-nano-freer.o)
 .debug_frame   0x00000c20       0x2c d:/imt_sdk_win_64/winarm/armgcc/bin/../lib/gcc/arm-none-eabi/7.2.1/../../../../arm-none-eabi/lib/thumb/v7e-m\libg_nano.a(lib_a-nano-mallocr.o)
 .debug_frame   0x00000c4c       0x3c d:/imt_sdk_win_64/winarm/armgcc/bin/../lib/gcc/arm-none-eabi/7.2.1/../../../../arm-none-eabi/lib/thumb/v7e-m\libg_nano.a(lib_a-nano-reallocr.o)
 .debug_frame   0x00000c88       0x2c d:/imt_sdk_win_64/winarm/armgcc/bin/../lib/gcc/arm-none-eabi/7.2.1/../../../../arm-none-eabi/lib/thumb/v7e-m\libg_nano.a(lib_a-sbrkr.o)
 .debug_frame   0x00000cb4       0x30 d:/imt_sdk_win_64/winarm/armgcc/bin/../lib/gcc/arm-none-eabi/7.2.1/../../../../arm-none-eabi/lib/thumb/v7e-m\libg_nano.a(lib_a-mlock.o)
 .debug_frame   0x00000ce4       0x20 d:/imt_sdk_win_64/winarm/armgcc/bin/../lib/gcc/arm-none-eabi/7.2.1/../../../../arm-none-eabi/lib/thumb/v7e-m\libg_nano.a(lib_a-nano-msizer.o)

.debug_str      0x00000000    0x74a54
 *(.debug_str)
 .debug_str     0x00000000     0x7d13 ./system/src/newlib/_exit.o
                               0x7ee6 (size before relaxing)
 .debug_str     0x00007d13      0x4f5 ./system/src/newlib/_sbrk.o
                               0x7298 (size before relaxing)
 .debug_str     0x00008208      0xc23 ./system/src/newlib/_startup.o
                               0x6a39 (size before relaxing)
 .debug_str     0x00008e2b      0xe8b ./system/src/newlib/_syscalls.o
                               0x8173 (size before relaxing)
 .debug_str     0x00009cb6      0x826 ./system/src/diag/Trace.o
                               0x865e (size before relaxing)
 .debug_str     0x0000a4dc    0x67a2e ./system/src/diag/trace_impl.o
                              0x70984 (size before relaxing)
 .debug_str     0x00071f0a       0xc4 ./system/src/cortexm/_initialize_hardware.o
                              0x6f716 (size before relaxing)
 .debug_str     0x00071fce      0x1a6 ./system/src/cortexm/exception_handlers.o
                              0x70b0e (size before relaxing)
 .debug_str     0x00072174       0x8c ./system/src/cmsis/system_stm32f4xx.o
                              0x6f7f7 (size before relaxing)
 .debug_str     0x00072200       0x59 ./system/src/cmsis/vectors_stm32f401xc.o
                               0x3876 (size before relaxing)
 .debug_str     0x00072259      0x38d ./src/SERVICES/PARSING/HEX_PARSE.o
                               0x7825 (size before relaxing)
 .debug_str     0x000725e6      0x5a3 ./src/MCAL/USART/USART_pro.o
                               0x7bb8 (size before relaxing)
 .debug_str     0x00072b89      0x488 ./src/MCAL/SPI/SPI_program.o
                               0x7a7d (size before relaxing)
 .debug_str     0x00073011      0xa0f ./src/MCAL/RCC/RCC_program.o
                               0x8004 (size before relaxing)
 .debug_str     0x00073a20      0x1a3 ./src/MCAL/MSTK/MSTK_Prog.o
                               0x77ad (size before relaxing)
 .debug_str     0x00073bc3      0x7a7 ./src/MCAL/GPIO/GPIO_program.o
                               0x7d9c (size before relaxing)
 .debug_str     0x0007436a      0x1a1 ./src/MCAL/FLASH_DRIVER/FLASH_pro.o
                               0x7811 (size before relaxing)
 .debug_str     0x0007450b       0x74 ./src/HAL/TFT/Fonts1.o
                               0x7517 (size before relaxing)
 .debug_str     0x0007457f      0x298 ./src/HAL/TFT/TFT_Prog.o
                               0x7de9 (size before relaxing)
 .debug_str     0x00074817      0x213 ./src/main.o
                               0x87ef (size before relaxing)
 .debug_str     0x00074a2a       0x18 ./src/main_Interface.o
                               0x86db (size before relaxing)
 .debug_str     0x00074a42       0x12 ./src/main_TFT.o
                               0x76c2 (size before relaxing)

.debug_loc      0x00000000     0x1b88
 *(.debug_loc)
 .debug_loc     0x00000000       0x85 ./system/src/newlib/_sbrk.o
 .debug_loc     0x00000085      0x2cb ./system/src/newlib/_startup.o
 .debug_loc     0x00000350       0x63 ./system/src/newlib/_syscalls.o
 .debug_loc     0x000003b3       0xf6 ./system/src/diag/Trace.o
 .debug_loc     0x000004a9      0x121 ./system/src/diag/trace_impl.o
 .debug_loc     0x000005ca      0x291 ./system/src/cortexm/exception_handlers.o
 .debug_loc     0x0000085b      0x13e ./system/src/cmsis/system_stm32f4xx.o
 .debug_loc     0x00000999      0x303 ./src/SERVICES/PARSING/HEX_PARSE.o
 .debug_loc     0x00000c9c       0xda ./src/MCAL/USART/USART_pro.o
 .debug_loc     0x00000d76       0x21 ./src/MCAL/SPI/SPI_program.o
 .debug_loc     0x00000d97      0x1b0 ./src/MCAL/RCC/RCC_program.o
 .debug_loc     0x00000f47       0x4e ./src/MCAL/MSTK/MSTK_Prog.o
 .debug_loc     0x00000f95      0x779 ./src/MCAL/GPIO/GPIO_program.o
 .debug_loc     0x0000170e       0x9e ./src/MCAL/FLASH_DRIVER/FLASH_pro.o
 .debug_loc     0x000017ac      0x3b2 ./src/HAL/TFT/TFT_Prog.o
 .debug_loc     0x00001b5e       0x2a ./src/main.o

.debug_macinfo
 *(.debug_macinfo)

.debug_weaknames
 *(.debug_weaknames)

.debug_funcnames
 *(.debug_funcnames)

.debug_typenames
 *(.debug_typenames)

.debug_varnames
 *(.debug_varnames)
OUTPUT(TFT_withBootloader_final.elf elf32-littlearm)

.debug_ranges   0x00000000      0x478
 .debug_ranges  0x00000000       0x18 ./system/src/newlib/_exit.o
 .debug_ranges  0x00000018       0x10 ./system/src/newlib/_sbrk.o
 .debug_ranges  0x00000028       0x90 ./system/src/newlib/_startup.o
 .debug_ranges  0x000000b8       0x20 ./system/src/newlib/_syscalls.o
 .debug_ranges  0x000000d8       0x28 ./system/src/diag/Trace.o
 .debug_ranges  0x00000100       0x50 ./system/src/diag/trace_impl.o
 .debug_ranges  0x00000150       0x18 ./system/src/cortexm/_initialize_hardware.o
 .debug_ranges  0x00000168       0x80 ./system/src/cortexm/exception_handlers.o
 .debug_ranges  0x000001e8       0x18 ./system/src/cmsis/system_stm32f4xx.o
 .debug_ranges  0x00000200       0x10 ./system/src/cmsis/vectors_stm32f401xc.o
 .debug_ranges  0x00000210       0x48 ./src/SERVICES/PARSING/HEX_PARSE.o
 .debug_ranges  0x00000258       0x38 ./src/MCAL/USART/USART_pro.o
 .debug_ranges  0x00000290       0x18 ./src/MCAL/SPI/SPI_program.o
 .debug_ranges  0x000002a8       0x20 ./src/MCAL/RCC/RCC_program.o
 .debug_ranges  0x000002c8       0x48 ./src/MCAL/MSTK/MSTK_Prog.o
 .debug_ranges  0x00000310       0x60 ./src/MCAL/GPIO/GPIO_program.o
 .debug_ranges  0x00000370       0x38 ./src/MCAL/FLASH_DRIVER/FLASH_pro.o
 .debug_ranges  0x000003a8       0x70 ./src/HAL/TFT/TFT_Prog.o
 .debug_ranges  0x00000418       0x18 ./src/main.o
 .debug_ranges  0x00000430       0x10 ./src/main_Interface.o
 .debug_ranges  0x00000440       0x38 ./src/main_TFT.o

.debug_macro    0x00000000     0x54ba
 .debug_macro   0x00000000      0x1b4 ./system/src/newlib/_exit.o
 .debug_macro   0x000001b4      0x10e ./system/src/newlib/_exit.o
 .debug_macro   0x000002c2       0x8d ./system/src/newlib/_exit.o
 .debug_macro   0x0000034f       0x35 ./system/src/newlib/_exit.o
 .debug_macro   0x00000384      0x169 ./system/src/newlib/_sbrk.o
 .debug_macro   0x000004ed      0x174 ./system/src/newlib/_sbrk.o
 .debug_macro   0x00000661       0x10 ./system/src/newlib/_sbrk.o
 .debug_macro   0x00000671      0x23b ./system/src/newlib/_sbrk.o
 .debug_macro   0x000008ac      0x173 ./system/src/newlib/_startup.o
 .debug_macro   0x00000a1f      0xa72 ./system/src/newlib/_startup.o
 .debug_macro   0x00001491      0x217 ./system/src/newlib/_syscalls.o
 .debug_macro   0x000016a8       0x1c ./system/src/newlib/_syscalls.o
 .debug_macro   0x000016c4       0x10 ./system/src/newlib/_syscalls.o
 .debug_macro   0x000016d4       0x10 ./system/src/newlib/_syscalls.o
 .debug_macro   0x000016e4       0x10 ./system/src/newlib/_syscalls.o
 .debug_macro   0x000016f4       0x35 ./system/src/newlib/_syscalls.o
 .debug_macro   0x00001729      0x122 ./system/src/newlib/_syscalls.o
 .debug_macro   0x0000184b       0x88 ./system/src/newlib/_syscalls.o
 .debug_macro   0x000018d3       0x2b ./system/src/newlib/_syscalls.o
 .debug_macro   0x000018fe      0x118 ./system/src/newlib/_syscalls.o
 .debug_macro   0x00001a16      0x189 ./system/src/newlib/_syscalls.o
 .debug_macro   0x00001b9f       0x16 ./system/src/newlib/_syscalls.o
 .debug_macro   0x00001bb5      0x1fb ./system/src/diag/Trace.o
 .debug_macro   0x00001db0       0x4c ./system/src/diag/Trace.o
 .debug_macro   0x00001dfc       0x16 ./system/src/diag/Trace.o
 .debug_macro   0x00001e12      0x52a ./system/src/diag/trace_impl.o
 .debug_macro   0x0000233c       0x22 ./system/src/diag/trace_impl.o
 .debug_macro   0x0000235e      0x4ee ./system/src/cortexm/_initialize_hardware.o
 .debug_macro   0x0000284c      0x557 ./system/src/cortexm/exception_handlers.o
 .debug_macro   0x00002da3       0x3b ./system/src/cortexm/exception_handlers.o
 .debug_macro   0x00002dde      0x4ea ./system/src/cmsis/system_stm32f4xx.o
 .debug_macro   0x000032c8       0x34 ./system/src/cmsis/vectors_stm32f401xc.o
 .debug_macro   0x000032fc      0x1bc ./src/SERVICES/PARSING/HEX_PARSE.o
 .debug_macro   0x000034b8       0x3a ./src/SERVICES/PARSING/HEX_PARSE.o
 .debug_macro   0x000034f2       0x1c ./src/SERVICES/PARSING/HEX_PARSE.o
 .debug_macro   0x0000350e      0x1c4 ./src/MCAL/USART/USART_pro.o
 .debug_macro   0x000036d2       0x3a ./src/MCAL/USART/USART_pro.o
 .debug_macro   0x0000370c       0x79 ./src/MCAL/USART/USART_pro.o
 .debug_macro   0x00003785       0x6a ./src/MCAL/USART/USART_pro.o
 .debug_macro   0x000037ef       0x52 ./src/MCAL/USART/USART_pro.o
 .debug_macro   0x00003841      0x1c5 ./src/MCAL/SPI/SPI_program.o
 .debug_macro   0x00003a06      0x11e ./src/MCAL/SPI/SPI_program.o
 .debug_macro   0x00003b24       0x3a ./src/MCAL/SPI/SPI_program.o
 .debug_macro   0x00003b5e      0x1ca ./src/MCAL/RCC/RCC_program.o
 .debug_macro   0x00003d28       0x34 ./src/MCAL/RCC/RCC_program.o
 .debug_macro   0x00003d5c      0x319 ./src/MCAL/RCC/RCC_program.o
 .debug_macro   0x00004075       0xe2 ./src/MCAL/RCC/RCC_program.o
 .debug_macro   0x00004157      0x1c6 ./src/MCAL/MSTK/MSTK_Prog.o
 .debug_macro   0x0000431d       0x16 ./src/MCAL/MSTK/MSTK_Prog.o
 .debug_macro   0x00004333      0x1bb ./src/MCAL/GPIO/GPIO_program.o
 .debug_macro   0x000044ee      0x148 ./src/MCAL/GPIO/GPIO_program.o
 .debug_macro   0x00004636       0x40 ./src/MCAL/GPIO/GPIO_program.o
 .debug_macro   0x00004676      0x1bb ./src/MCAL/FLASH_DRIVER/FLASH_pro.o
 .debug_macro   0x00004831       0x5e ./src/MCAL/FLASH_DRIVER/FLASH_pro.o
 .debug_macro   0x0000488f      0x1aa ./src/HAL/TFT/Fonts1.o
 .debug_macro   0x00004a39      0x205 ./src/HAL/TFT/TFT_Prog.o
 .debug_macro   0x00004c3e      0x148 ./src/HAL/TFT/TFT_Prog.o
 .debug_macro   0x00004d86       0x22 ./src/HAL/TFT/TFT_Prog.o
 .debug_macro   0x00004da8       0x34 ./src/HAL/TFT/TFT_Prog.o
 .debug_macro   0x00004ddc      0x25c ./src/main.o
 .debug_macro   0x00005038       0x22 ./src/main.o
 .debug_macro   0x0000505a       0x34 ./src/main.o
 .debug_macro   0x0000508e      0x256 ./src/main_Interface.o
 .debug_macro   0x000052e4      0x1d6 ./src/main_TFT.o
